Archive member included to satisfy reference by file (symbol)

/usr/lib/gcc/arm-none-eabi/13.2.1/../../../arm-none-eabi/lib/thumb/v7-m/nofp/libc_nano.a(libc_a-memset.o)
                              ssd1306.o (memset)
/usr/lib/gcc/arm-none-eabi/13.2.1/../../../arm-none-eabi/lib/thumb/v7-m/nofp/libm.a(libm_a-sf_cos.o)
                              ssd1306.o (cosf)
/usr/lib/gcc/arm-none-eabi/13.2.1/../../../arm-none-eabi/lib/thumb/v7-m/nofp/libm.a(libm_a-wf_sqrt.o)
                              madgwick.o (sqrtf)
/usr/lib/gcc/arm-none-eabi/13.2.1/../../../arm-none-eabi/lib/thumb/v7-m/nofp/libm.a(libm_a-wf_atan2.o)
                              madgwick.o (atan2f)
/usr/lib/gcc/arm-none-eabi/13.2.1/../../../arm-none-eabi/lib/thumb/v7-m/nofp/libm.a(libm_a-kf_cos.o)
                              /usr/lib/gcc/arm-none-eabi/13.2.1/../../../arm-none-eabi/lib/thumb/v7-m/nofp/libm.a(libm_a-sf_cos.o) (__kernel_cosf)
/usr/lib/gcc/arm-none-eabi/13.2.1/../../../arm-none-eabi/lib/thumb/v7-m/nofp/libm.a(libm_a-sf_sin.o)
                              ssd1306.o (sinf)
/usr/lib/gcc/arm-none-eabi/13.2.1/../../../arm-none-eabi/lib/thumb/v7-m/nofp/libm.a(libm_a-wf_asin.o)
                              madgwick.o (asinf)
/usr/lib/gcc/arm-none-eabi/13.2.1/../../../arm-none-eabi/lib/thumb/v7-m/nofp/libm.a(libm_a-ef_asin.o)
                              /usr/lib/gcc/arm-none-eabi/13.2.1/../../../arm-none-eabi/lib/thumb/v7-m/nofp/libm.a(libm_a-wf_asin.o) (__ieee754_asinf)
/usr/lib/gcc/arm-none-eabi/13.2.1/../../../arm-none-eabi/lib/thumb/v7-m/nofp/libm.a(libm_a-ef_atan2.o)
                              /usr/lib/gcc/arm-none-eabi/13.2.1/../../../arm-none-eabi/lib/thumb/v7-m/nofp/libm.a(libm_a-wf_atan2.o) (__ieee754_atan2f)
/usr/lib/gcc/arm-none-eabi/13.2.1/../../../arm-none-eabi/lib/thumb/v7-m/nofp/libm.a(libm_a-sf_atan.o)
                              /usr/lib/gcc/arm-none-eabi/13.2.1/../../../arm-none-eabi/lib/thumb/v7-m/nofp/libm.a(libm_a-ef_atan2.o) (atanf)
/usr/lib/gcc/arm-none-eabi/13.2.1/../../../arm-none-eabi/lib/thumb/v7-m/nofp/libm.a(libm_a-kf_sin.o)
                              /usr/lib/gcc/arm-none-eabi/13.2.1/../../../arm-none-eabi/lib/thumb/v7-m/nofp/libm.a(libm_a-sf_cos.o) (__kernel_sinf)
/usr/lib/gcc/arm-none-eabi/13.2.1/../../../arm-none-eabi/lib/thumb/v7-m/nofp/libm.a(libm_a-ef_rem_pio2.o)
                              /usr/lib/gcc/arm-none-eabi/13.2.1/../../../arm-none-eabi/lib/thumb/v7-m/nofp/libm.a(libm_a-sf_cos.o) (__ieee754_rem_pio2f)
/usr/lib/gcc/arm-none-eabi/13.2.1/../../../arm-none-eabi/lib/thumb/v7-m/nofp/libm.a(libm_a-sf_fabs.o)
                              /usr/lib/gcc/arm-none-eabi/13.2.1/../../../arm-none-eabi/lib/thumb/v7-m/nofp/libm.a(libm_a-wf_asin.o) (fabsf)
/usr/lib/gcc/arm-none-eabi/13.2.1/../../../arm-none-eabi/lib/thumb/v7-m/nofp/libm.a(libm_a-kf_rem_pio2.o)
                              /usr/lib/gcc/arm-none-eabi/13.2.1/../../../arm-none-eabi/lib/thumb/v7-m/nofp/libm.a(libm_a-ef_rem_pio2.o) (__kernel_rem_pio2f)
/usr/lib/gcc/arm-none-eabi/13.2.1/../../../arm-none-eabi/lib/thumb/v7-m/nofp/libm.a(libm_a-ef_sqrt.o)
                              /usr/lib/gcc/arm-none-eabi/13.2.1/../../../arm-none-eabi/lib/thumb/v7-m/nofp/libm.a(libm_a-wf_sqrt.o) (__ieee754_sqrtf)
/usr/lib/gcc/arm-none-eabi/13.2.1/../../../arm-none-eabi/lib/thumb/v7-m/nofp/libm.a(libm_a-sf_scalbn.o)
                              /usr/lib/gcc/arm-none-eabi/13.2.1/../../../arm-none-eabi/lib/thumb/v7-m/nofp/libm.a(libm_a-kf_rem_pio2.o) (scalbnf)
/usr/lib/gcc/arm-none-eabi/13.2.1/../../../arm-none-eabi/lib/thumb/v7-m/nofp/libm.a(libm_a-sf_nan.o)
                              /usr/lib/gcc/arm-none-eabi/13.2.1/../../../arm-none-eabi/lib/thumb/v7-m/nofp/libm.a(libm_a-wf_asin.o) (nanf)
/usr/lib/gcc/arm-none-eabi/13.2.1/../../../arm-none-eabi/lib/thumb/v7-m/nofp/libm.a(libm_a-sf_floor.o)
                              /usr/lib/gcc/arm-none-eabi/13.2.1/../../../arm-none-eabi/lib/thumb/v7-m/nofp/libm.a(libm_a-kf_rem_pio2.o) (floorf)
/usr/lib/gcc/arm-none-eabi/13.2.1/thumb/v7-m/nofp/libgcc.a(_arm_mulsf3.o)
                              main.o (__aeabi_fmul)
/usr/lib/gcc/arm-none-eabi/13.2.1/thumb/v7-m/nofp/libgcc.a(_arm_addsubsf3.o)
                              ssd1306.o (__aeabi_fsub)
/usr/lib/gcc/arm-none-eabi/13.2.1/thumb/v7-m/nofp/libgcc.a(_arm_muldivsf3.o)
                              hmc5883l.o (__aeabi_fdiv)
/usr/lib/gcc/arm-none-eabi/13.2.1/thumb/v7-m/nofp/libgcc.a(_arm_cmpsf2.o)
                              madgwick.o (__aeabi_fcmpeq)
/usr/lib/gcc/arm-none-eabi/13.2.1/thumb/v7-m/nofp/libgcc.a(_arm_unordsf2.o)
                              /usr/lib/gcc/arm-none-eabi/13.2.1/../../../arm-none-eabi/lib/thumb/v7-m/nofp/libm.a(libm_a-wf_sqrt.o) (__aeabi_fcmpun)
/usr/lib/gcc/arm-none-eabi/13.2.1/thumb/v7-m/nofp/libgcc.a(_arm_fixsfsi.o)
                              ssd1306.o (__aeabi_f2iz)
/usr/lib/gcc/arm-none-eabi/13.2.1/thumb/v7-m/nofp/libgcc.a(_arm_fixunssfsi.o)
                              ssd1306.o (__aeabi_f2uiz)
/usr/lib/gcc/arm-none-eabi/13.2.1/../../../arm-none-eabi/lib/thumb/v7-m/nofp/libg_nano.a(libc_a-errno.o)
                              /usr/lib/gcc/arm-none-eabi/13.2.1/../../../arm-none-eabi/lib/thumb/v7-m/nofp/libm.a(libm_a-wf_sqrt.o) (__errno)
/usr/lib/gcc/arm-none-eabi/13.2.1/../../../arm-none-eabi/lib/thumb/v7-m/nofp/libg_nano.a(libc_a-impure.o)
                              /usr/lib/gcc/arm-none-eabi/13.2.1/../../../arm-none-eabi/lib/thumb/v7-m/nofp/libg_nano.a(libc_a-errno.o) (_impure_ptr)

Discarded input sections

 .group         0x00000000        0xc main.o
 .group         0x00000000        0xc main.o
 .group         0x00000000        0xc main.o
 .group         0x00000000        0xc main.o
 .group         0x00000000        0xc main.o
 .group         0x00000000        0xc main.o
 .group         0x00000000        0xc main.o
 .group         0x00000000        0xc main.o
 .group         0x00000000        0xc main.o
 .text          0x00000000        0x0 main.o
 .data          0x00000000        0x0 main.o
 .bss           0x00000000        0x0 main.o
 .text._exit    0x00000000        0x2 main.o
 .group         0x00000000        0xc uart.o
 .group         0x00000000        0xc uart.o
 .group         0x00000000        0xc uart.o
 .text          0x00000000        0x0 uart.o
 .data          0x00000000        0x0 uart.o
 .bss           0x00000000        0x0 uart.o
 .text.uart1_print_hex32
                0x00000000       0x30 uart.o
 .rodata.uart1_print_reg.str1.1
                0x00000000       0x25 uart.o
 .text.uart1_print_reg
                0x00000000       0x6c uart.o
 .rodata.hexchars
                0x00000000       0x11 uart.o
 .debug_macro   0x00000000      0xac0 uart.o
 .debug_macro   0x00000000      0x34e uart.o
 .group         0x00000000        0xc i2c_driver.o
 .group         0x00000000        0xc i2c_driver.o
 .group         0x00000000        0xc i2c_driver.o
 .group         0x00000000        0xc i2c_driver.o
 .text          0x00000000        0x0 i2c_driver.o
 .data          0x00000000        0x0 i2c_driver.o
 .bss           0x00000000        0x0 i2c_driver.o
 .text.i2c1_write_byte
                0x00000000       0x50 i2c_driver.o
 .text.i2c1_get_last_sr1
                0x00000000        0xc i2c_driver.o
 .debug_macro   0x00000000      0xac0 i2c_driver.o
 .debug_macro   0x00000000      0x34e i2c_driver.o
 .debug_macro   0x00000000      0x465 i2c_driver.o
 .group         0x00000000        0xc spi_driver.o
 .group         0x00000000        0xc spi_driver.o
 .group         0x00000000        0xc spi_driver.o
 .group         0x00000000        0xc spi_driver.o
 .text          0x00000000        0x0 spi_driver.o
 .data          0x00000000        0x0 spi_driver.o
 .bss           0x00000000        0x0 spi_driver.o
 .text.spi1_cs_low
                0x00000000        0x2 spi_driver.o
 .text.spi1_cs_high
                0x00000000        0x2 spi_driver.o
 .text.spi1_transfer
                0x00000000       0x20 spi_driver.o
 .debug_macro   0x00000000      0xac0 spi_driver.o
 .debug_macro   0x00000000      0x34e spi_driver.o
 .debug_macro   0x00000000      0x465 spi_driver.o
 .group         0x00000000        0xc hmc5883l.o
 .group         0x00000000        0xc hmc5883l.o
 .group         0x00000000        0xc hmc5883l.o
 .group         0x00000000        0xc hmc5883l.o
 .group         0x00000000        0xc hmc5883l.o
 .text          0x00000000        0x0 hmc5883l.o
 .data          0x00000000        0x0 hmc5883l.o
 .bss           0x00000000        0x0 hmc5883l.o
 .text.hmc5883l_self_test
                0x00000000       0x64 hmc5883l.o
 .text.hmc5883l_is_data_ready
                0x00000000       0x22 hmc5883l.o
 .text.hmc5883l_set_gain_lsb_per_gauss
                0x00000000        0xc hmc5883l.o
 .text.hmc5883l_get_gain_lsb_per_gauss
                0x00000000        0xc hmc5883l.o
 .debug_macro   0x00000000      0xac0 hmc5883l.o
 .debug_macro   0x00000000      0x34e hmc5883l.o
 .debug_macro   0x00000000      0x46b hmc5883l.o
 .debug_macro   0x00000000       0x10 hmc5883l.o
 .group         0x00000000        0xc mpu6050.o
 .group         0x00000000        0xc mpu6050.o
 .group         0x00000000        0xc mpu6050.o
 .group         0x00000000        0xc mpu6050.o
 .group         0x00000000        0xc mpu6050.o
 .text          0x00000000        0x0 mpu6050.o
 .data          0x00000000        0x0 mpu6050.o
 .bss           0x00000000        0x0 mpu6050.o
 .text.mpu6050_self_test
                0x00000000       0x16 mpu6050.o
 .text.mpu6050_is_data_ready
                0x00000000       0x22 mpu6050.o
 .text.mpu6050_set_accel_scale
                0x00000000        0xc mpu6050.o
 .text.mpu6050_set_gyro_scale
                0x00000000        0xc mpu6050.o
 .text.mpu6050_get_accel_scale
                0x00000000        0xc mpu6050.o
 .text.mpu6050_get_gyro_scale
                0x00000000        0xc mpu6050.o
 .debug_macro   0x00000000      0xac0 mpu6050.o
 .debug_macro   0x00000000      0x34e mpu6050.o
 .debug_macro   0x00000000      0x46b mpu6050.o
 .debug_macro   0x00000000       0x10 mpu6050.o
 .group         0x00000000        0xc ssd1306.o
 .group         0x00000000        0xc ssd1306.o
 .group         0x00000000        0xc ssd1306.o
 .group         0x00000000        0xc ssd1306.o
 .group         0x00000000        0xc ssd1306.o
 .group         0x00000000        0xc ssd1306.o
 .group         0x00000000        0xc ssd1306.o
 .group         0x00000000        0xc ssd1306.o
 .group         0x00000000        0xc ssd1306.o
 .group         0x00000000        0xc ssd1306.o
 .group         0x00000000        0xc ssd1306.o
 .group         0x00000000        0xc ssd1306.o
 .group         0x00000000        0xc ssd1306.o
 .group         0x00000000        0xc ssd1306.o
 .group         0x00000000        0xc ssd1306.o
 .group         0x00000000        0xc ssd1306.o
 .group         0x00000000        0xc ssd1306.o
 .group         0x00000000        0xc ssd1306.o
 .group         0x00000000        0xc ssd1306.o
 .group         0x00000000        0xc ssd1306.o
 .group         0x00000000        0xc ssd1306.o
 .group         0x00000000        0xc ssd1306.o
 .group         0x00000000        0xc ssd1306.o
 .text          0x00000000        0x0 ssd1306.o
 .data          0x00000000        0x0 ssd1306.o
 .bss           0x00000000        0x0 ssd1306.o
 .text.ssd1306_fill
                0x00000000       0x10 ssd1306.o
 .text.ssd1306_fill_rect
                0x00000000       0x38 ssd1306.o
 .text.ssd1306_fill_circle
                0x00000000       0x56 ssd1306.o
 .debug_macro   0x00000000      0xac0 ssd1306.o
 .debug_macro   0x00000000      0x34e ssd1306.o
 .debug_macro   0x00000000      0x190 ssd1306.o
 .debug_macro   0x00000000       0x16 ssd1306.o
 .debug_macro   0x00000000      0x46b ssd1306.o
 .debug_macro   0x00000000       0x1c ssd1306.o
 .group         0x00000000        0xc madgwick.o
 .group         0x00000000        0xc madgwick.o
 .group         0x00000000        0xc madgwick.o
 .group         0x00000000        0xc madgwick.o
 .group         0x00000000        0xc madgwick.o
 .group         0x00000000        0xc madgwick.o
 .group         0x00000000        0xc madgwick.o
 .group         0x00000000        0xc madgwick.o
 .group         0x00000000        0xc madgwick.o
 .group         0x00000000        0xc madgwick.o
 .group         0x00000000        0xc madgwick.o
 .group         0x00000000        0xc madgwick.o
 .group         0x00000000        0xc madgwick.o
 .group         0x00000000        0xc madgwick.o
 .group         0x00000000        0xc madgwick.o
 .group         0x00000000        0xc madgwick.o
 .group         0x00000000        0xc madgwick.o
 .group         0x00000000        0xc madgwick.o
 .text          0x00000000        0x0 madgwick.o
 .data          0x00000000        0x0 madgwick.o
 .bss           0x00000000        0x0 madgwick.o
 .text.madgwick_update_imu
                0x00000000      0x648 madgwick.o
 .text.madgwick_get_quaternion
                0x00000000       0x2c madgwick.o
 .debug_macro   0x00000000      0xac0 madgwick.o
 .debug_macro   0x00000000      0x34e madgwick.o
 .debug_macro   0x00000000       0x22 madgwick.o
 .debug_macro   0x00000000       0x60 madgwick.o
 .debug_macro   0x00000000       0x24 madgwick.o
 .debug_macro   0x00000000       0x94 madgwick.o
 .debug_macro   0x00000000       0x3c madgwick.o
 .debug_macro   0x00000000       0x34 madgwick.o
 .debug_macro   0x00000000      0x190 madgwick.o
 .debug_macro   0x00000000       0x57 madgwick.o
 .debug_macro   0x00000000      0x370 madgwick.o
 .debug_macro   0x00000000       0x16 madgwick.o
 .debug_macro   0x00000000       0x4a madgwick.o
 .debug_macro   0x00000000       0x34 madgwick.o
 .debug_macro   0x00000000       0x10 madgwick.o
 .debug_macro   0x00000000       0x52 madgwick.o
 .debug_macro   0x00000000      0x1de madgwick.o
 .debug_macro   0x00000000      0x19b madgwick.o
 .data          0x00000000        0x0 startup.o
 .bss           0x00000000        0x0 startup.o
 .data          0x00000000        0x0 /usr/lib/gcc/arm-none-eabi/13.2.1/../../../arm-none-eabi/lib/thumb/v7-m/nofp/libc_nano.a(libc_a-memset.o)
 .bss           0x00000000        0x0 /usr/lib/gcc/arm-none-eabi/13.2.1/../../../arm-none-eabi/lib/thumb/v7-m/nofp/libc_nano.a(libc_a-memset.o)
 .data          0x00000000        0x0 /usr/lib/gcc/arm-none-eabi/13.2.1/../../../arm-none-eabi/lib/thumb/v7-m/nofp/libm.a(libm_a-sf_cos.o)
 .bss           0x00000000        0x0 /usr/lib/gcc/arm-none-eabi/13.2.1/../../../arm-none-eabi/lib/thumb/v7-m/nofp/libm.a(libm_a-sf_cos.o)
 .data          0x00000000        0x0 /usr/lib/gcc/arm-none-eabi/13.2.1/../../../arm-none-eabi/lib/thumb/v7-m/nofp/libm.a(libm_a-wf_sqrt.o)
 .bss           0x00000000        0x0 /usr/lib/gcc/arm-none-eabi/13.2.1/../../../arm-none-eabi/lib/thumb/v7-m/nofp/libm.a(libm_a-wf_sqrt.o)
 .data          0x00000000        0x0 /usr/lib/gcc/arm-none-eabi/13.2.1/../../../arm-none-eabi/lib/thumb/v7-m/nofp/libm.a(libm_a-wf_atan2.o)
 .bss           0x00000000        0x0 /usr/lib/gcc/arm-none-eabi/13.2.1/../../../arm-none-eabi/lib/thumb/v7-m/nofp/libm.a(libm_a-wf_atan2.o)
 .data          0x00000000        0x0 /usr/lib/gcc/arm-none-eabi/13.2.1/../../../arm-none-eabi/lib/thumb/v7-m/nofp/libm.a(libm_a-kf_cos.o)
 .bss           0x00000000        0x0 /usr/lib/gcc/arm-none-eabi/13.2.1/../../../arm-none-eabi/lib/thumb/v7-m/nofp/libm.a(libm_a-kf_cos.o)
 .data          0x00000000        0x0 /usr/lib/gcc/arm-none-eabi/13.2.1/../../../arm-none-eabi/lib/thumb/v7-m/nofp/libm.a(libm_a-sf_sin.o)
 .bss           0x00000000        0x0 /usr/lib/gcc/arm-none-eabi/13.2.1/../../../arm-none-eabi/lib/thumb/v7-m/nofp/libm.a(libm_a-sf_sin.o)
 .data          0x00000000        0x0 /usr/lib/gcc/arm-none-eabi/13.2.1/../../../arm-none-eabi/lib/thumb/v7-m/nofp/libm.a(libm_a-wf_asin.o)
 .bss           0x00000000        0x0 /usr/lib/gcc/arm-none-eabi/13.2.1/../../../arm-none-eabi/lib/thumb/v7-m/nofp/libm.a(libm_a-wf_asin.o)
 .data          0x00000000        0x0 /usr/lib/gcc/arm-none-eabi/13.2.1/../../../arm-none-eabi/lib/thumb/v7-m/nofp/libm.a(libm_a-ef_asin.o)
 .bss           0x00000000        0x0 /usr/lib/gcc/arm-none-eabi/13.2.1/../../../arm-none-eabi/lib/thumb/v7-m/nofp/libm.a(libm_a-ef_asin.o)
 .data          0x00000000        0x0 /usr/lib/gcc/arm-none-eabi/13.2.1/../../../arm-none-eabi/lib/thumb/v7-m/nofp/libm.a(libm_a-ef_atan2.o)
 .bss           0x00000000        0x0 /usr/lib/gcc/arm-none-eabi/13.2.1/../../../arm-none-eabi/lib/thumb/v7-m/nofp/libm.a(libm_a-ef_atan2.o)
 .data          0x00000000        0x0 /usr/lib/gcc/arm-none-eabi/13.2.1/../../../arm-none-eabi/lib/thumb/v7-m/nofp/libm.a(libm_a-sf_atan.o)
 .bss           0x00000000        0x0 /usr/lib/gcc/arm-none-eabi/13.2.1/../../../arm-none-eabi/lib/thumb/v7-m/nofp/libm.a(libm_a-sf_atan.o)
 .data          0x00000000        0x0 /usr/lib/gcc/arm-none-eabi/13.2.1/../../../arm-none-eabi/lib/thumb/v7-m/nofp/libm.a(libm_a-kf_sin.o)
 .bss           0x00000000        0x0 /usr/lib/gcc/arm-none-eabi/13.2.1/../../../arm-none-eabi/lib/thumb/v7-m/nofp/libm.a(libm_a-kf_sin.o)
 .data          0x00000000        0x0 /usr/lib/gcc/arm-none-eabi/13.2.1/../../../arm-none-eabi/lib/thumb/v7-m/nofp/libm.a(libm_a-ef_rem_pio2.o)
 .bss           0x00000000        0x0 /usr/lib/gcc/arm-none-eabi/13.2.1/../../../arm-none-eabi/lib/thumb/v7-m/nofp/libm.a(libm_a-ef_rem_pio2.o)
 .data          0x00000000        0x0 /usr/lib/gcc/arm-none-eabi/13.2.1/../../../arm-none-eabi/lib/thumb/v7-m/nofp/libm.a(libm_a-sf_fabs.o)
 .bss           0x00000000        0x0 /usr/lib/gcc/arm-none-eabi/13.2.1/../../../arm-none-eabi/lib/thumb/v7-m/nofp/libm.a(libm_a-sf_fabs.o)
 .data          0x00000000        0x0 /usr/lib/gcc/arm-none-eabi/13.2.1/../../../arm-none-eabi/lib/thumb/v7-m/nofp/libm.a(libm_a-kf_rem_pio2.o)
 .bss           0x00000000        0x0 /usr/lib/gcc/arm-none-eabi/13.2.1/../../../arm-none-eabi/lib/thumb/v7-m/nofp/libm.a(libm_a-kf_rem_pio2.o)
 .data          0x00000000        0x0 /usr/lib/gcc/arm-none-eabi/13.2.1/../../../arm-none-eabi/lib/thumb/v7-m/nofp/libm.a(libm_a-ef_sqrt.o)
 .bss           0x00000000        0x0 /usr/lib/gcc/arm-none-eabi/13.2.1/../../../arm-none-eabi/lib/thumb/v7-m/nofp/libm.a(libm_a-ef_sqrt.o)
 .data          0x00000000        0x0 /usr/lib/gcc/arm-none-eabi/13.2.1/../../../arm-none-eabi/lib/thumb/v7-m/nofp/libm.a(libm_a-sf_scalbn.o)
 .bss           0x00000000        0x0 /usr/lib/gcc/arm-none-eabi/13.2.1/../../../arm-none-eabi/lib/thumb/v7-m/nofp/libm.a(libm_a-sf_scalbn.o)
 .data          0x00000000        0x0 /usr/lib/gcc/arm-none-eabi/13.2.1/../../../arm-none-eabi/lib/thumb/v7-m/nofp/libm.a(libm_a-sf_nan.o)
 .bss           0x00000000        0x0 /usr/lib/gcc/arm-none-eabi/13.2.1/../../../arm-none-eabi/lib/thumb/v7-m/nofp/libm.a(libm_a-sf_nan.o)
 .data          0x00000000        0x0 /usr/lib/gcc/arm-none-eabi/13.2.1/../../../arm-none-eabi/lib/thumb/v7-m/nofp/libm.a(libm_a-sf_floor.o)
 .bss           0x00000000        0x0 /usr/lib/gcc/arm-none-eabi/13.2.1/../../../arm-none-eabi/lib/thumb/v7-m/nofp/libm.a(libm_a-sf_floor.o)
 .text          0x00000000      0x168 /usr/lib/gcc/arm-none-eabi/13.2.1/thumb/v7-m/nofp/libgcc.a(_arm_mulsf3.o)
 .data          0x00000000        0x0 /usr/lib/gcc/arm-none-eabi/13.2.1/thumb/v7-m/nofp/libgcc.a(_arm_mulsf3.o)
 .bss           0x00000000        0x0 /usr/lib/gcc/arm-none-eabi/13.2.1/thumb/v7-m/nofp/libgcc.a(_arm_mulsf3.o)
 .debug_line    0x00000000       0xbd /usr/lib/gcc/arm-none-eabi/13.2.1/thumb/v7-m/nofp/libgcc.a(_arm_mulsf3.o)
 .debug_line_str
                0x00000000       0x98 /usr/lib/gcc/arm-none-eabi/13.2.1/thumb/v7-m/nofp/libgcc.a(_arm_mulsf3.o)
 .debug_info    0x00000000       0x3f /usr/lib/gcc/arm-none-eabi/13.2.1/thumb/v7-m/nofp/libgcc.a(_arm_mulsf3.o)
 .debug_abbrev  0x00000000       0x26 /usr/lib/gcc/arm-none-eabi/13.2.1/thumb/v7-m/nofp/libgcc.a(_arm_mulsf3.o)
 .debug_aranges
                0x00000000       0x20 /usr/lib/gcc/arm-none-eabi/13.2.1/thumb/v7-m/nofp/libgcc.a(_arm_mulsf3.o)
 .debug_str     0x00000000       0xba /usr/lib/gcc/arm-none-eabi/13.2.1/thumb/v7-m/nofp/libgcc.a(_arm_mulsf3.o)
 .debug_frame   0x00000000       0x24 /usr/lib/gcc/arm-none-eabi/13.2.1/thumb/v7-m/nofp/libgcc.a(_arm_mulsf3.o)
 .ARM.attributes
                0x00000000       0x1d /usr/lib/gcc/arm-none-eabi/13.2.1/thumb/v7-m/nofp/libgcc.a(_arm_mulsf3.o)
 .data          0x00000000        0x0 /usr/lib/gcc/arm-none-eabi/13.2.1/thumb/v7-m/nofp/libgcc.a(_arm_addsubsf3.o)
 .bss           0x00000000        0x0 /usr/lib/gcc/arm-none-eabi/13.2.1/thumb/v7-m/nofp/libgcc.a(_arm_addsubsf3.o)
 .data          0x00000000        0x0 /usr/lib/gcc/arm-none-eabi/13.2.1/thumb/v7-m/nofp/libgcc.a(_arm_muldivsf3.o)
 .bss           0x00000000        0x0 /usr/lib/gcc/arm-none-eabi/13.2.1/thumb/v7-m/nofp/libgcc.a(_arm_muldivsf3.o)
 .data          0x00000000        0x0 /usr/lib/gcc/arm-none-eabi/13.2.1/thumb/v7-m/nofp/libgcc.a(_arm_cmpsf2.o)
 .bss           0x00000000        0x0 /usr/lib/gcc/arm-none-eabi/13.2.1/thumb/v7-m/nofp/libgcc.a(_arm_cmpsf2.o)
 .data          0x00000000        0x0 /usr/lib/gcc/arm-none-eabi/13.2.1/thumb/v7-m/nofp/libgcc.a(_arm_unordsf2.o)
 .bss           0x00000000        0x0 /usr/lib/gcc/arm-none-eabi/13.2.1/thumb/v7-m/nofp/libgcc.a(_arm_unordsf2.o)
 .data          0x00000000        0x0 /usr/lib/gcc/arm-none-eabi/13.2.1/thumb/v7-m/nofp/libgcc.a(_arm_fixsfsi.o)
 .bss           0x00000000        0x0 /usr/lib/gcc/arm-none-eabi/13.2.1/thumb/v7-m/nofp/libgcc.a(_arm_fixsfsi.o)
 .data          0x00000000        0x0 /usr/lib/gcc/arm-none-eabi/13.2.1/thumb/v7-m/nofp/libgcc.a(_arm_fixunssfsi.o)
 .bss           0x00000000        0x0 /usr/lib/gcc/arm-none-eabi/13.2.1/thumb/v7-m/nofp/libgcc.a(_arm_fixunssfsi.o)
 .data          0x00000000        0x0 /usr/lib/gcc/arm-none-eabi/13.2.1/../../../arm-none-eabi/lib/thumb/v7-m/nofp/libg_nano.a(libc_a-errno.o)
 .bss           0x00000000        0x0 /usr/lib/gcc/arm-none-eabi/13.2.1/../../../arm-none-eabi/lib/thumb/v7-m/nofp/libg_nano.a(libc_a-errno.o)
 .text          0x00000000        0x0 /usr/lib/gcc/arm-none-eabi/13.2.1/../../../arm-none-eabi/lib/thumb/v7-m/nofp/libg_nano.a(libc_a-impure.o)
 .bss           0x00000000        0x0 /usr/lib/gcc/arm-none-eabi/13.2.1/../../../arm-none-eabi/lib/thumb/v7-m/nofp/libg_nano.a(libc_a-impure.o)

Memory Configuration

Name             Origin             Length             Attributes
FLASH            0x08000000         0x00020000         xr
RAM              0x20000000         0x00002000         xrw
*default*        0x00000000         0xffffffff

Linker script and memory map

LOAD main.o
LOAD uart.o
LOAD i2c_driver.o
LOAD spi_driver.o
LOAD hmc5883l.o
LOAD mpu6050.o
LOAD ssd1306.o
LOAD madgwick.o
LOAD startup.o
LOAD /usr/lib/gcc/arm-none-eabi/13.2.1/../../../arm-none-eabi/lib/thumb/v7-m/nofp/libc_nano.a
LOAD /usr/lib/gcc/arm-none-eabi/13.2.1/../../../arm-none-eabi/lib/thumb/v7-m/nofp/libm.a
LOAD /usr/lib/gcc/arm-none-eabi/13.2.1/../../../arm-none-eabi/lib/thumb/v7-m/nofp/libnosys.a
START GROUP
LOAD /usr/lib/gcc/arm-none-eabi/13.2.1/thumb/v7-m/nofp/libgcc.a
LOAD /usr/lib/gcc/arm-none-eabi/13.2.1/../../../arm-none-eabi/lib/thumb/v7-m/nofp/libg_nano.a
LOAD /usr/lib/gcc/arm-none-eabi/13.2.1/../../../arm-none-eabi/lib/thumb/v7-m/nofp/libc_nano.a
END GROUP
START GROUP
LOAD /usr/lib/gcc/arm-none-eabi/13.2.1/thumb/v7-m/nofp/libgcc.a
LOAD /usr/lib/gcc/arm-none-eabi/13.2.1/../../../arm-none-eabi/lib/thumb/v7-m/nofp/libc_nano.a
LOAD /usr/lib/gcc/arm-none-eabi/13.2.1/../../../arm-none-eabi/lib/thumb/v7-m/nofp/libnosys.a
END GROUP
START GROUP
LOAD /usr/lib/gcc/arm-none-eabi/13.2.1/thumb/v7-m/nofp/libgcc.a
LOAD /usr/lib/gcc/arm-none-eabi/13.2.1/../../../arm-none-eabi/lib/thumb/v7-m/nofp/libc_nano.a
LOAD /usr/lib/gcc/arm-none-eabi/13.2.1/../../../arm-none-eabi/lib/thumb/v7-m/nofp/libnosys.a
END GROUP
                0x00002000                        RAM_LENGTH = 0x2000
                0x20002000                        _estack = (ORIGIN (RAM) + LENGTH (RAM))

.isr_vector     0x08000000      0x130
 *(.isr_vector)
 .isr_vector    0x08000000      0x130 startup.o
                0x08000000                __vector_table
                0x08000130                        . = ALIGN (0x4)

.text           0x08000130     0x3d64
 *(.init)
 *(.text*)
 .text.print_hex32
                0x08000130       0x68 main.o
 .text.check_reg
                0x08000198       0x64 main.o
 .text.print_int
                0x080001fc       0x3e main.o
 *fill*         0x0800023a        0x2 
 .text.SysTick_Handler
                0x0800023c       0x10 main.o
                0x0800023c                SysTick_Handler
 .text.startup.main
                0x0800024c      0x720 main.o
                0x0800024c                main
 .text.NMI_Handler
                0x0800096c        0x2 main.o
                0x0800096c                NMI_Handler
 .text.HardFault_Handler
                0x0800096e        0x2 main.o
                0x0800096e                HardFault_Handler
 .text.MemManage_Handler
                0x08000970        0x2 main.o
                0x08000970                MemManage_Handler
 .text.BusFault_Handler
                0x08000972        0x2 main.o
                0x08000972                BusFault_Handler
 .text.UsageFault_Handler
                0x08000974        0x2 main.o
                0x08000974                UsageFault_Handler
 .text.SVC_Handler
                0x08000976        0x2 main.o
                0x08000976                SVC_Handler
 .text.DebugMon_Handler
                0x08000978        0x2 main.o
                0x08000978                DebugMon_Handler
 .text.PendSV_Handler
                0x0800097a        0x2 main.o
                0x0800097a                PendSV_Handler
 .text.uart1_init
                0x0800097c       0x4c uart.o
                0x0800097c                uart1_init
 .text.uart1_putc
                0x080009c8       0x14 uart.o
                0x080009c8                uart1_putc
 .text.uart1_puts
                0x080009dc       0x12 uart.o
                0x080009dc                uart1_puts
 *fill*         0x080009ee        0x2 
 .text.i2c1_wait_flag.constprop.0
                0x080009f0       0x2c i2c_driver.o
 .text.i2c1_wait_addr
                0x08000a1c        0x6 i2c_driver.o
 .text.i2c1_wait_sb
                0x08000a22        0x6 i2c_driver.o
 .text.i2c1_init
                0x08000a28       0x50 i2c_driver.o
                0x08000a28                i2c1_init
 .text.i2c1_probe
                0x08000a78       0x4c i2c_driver.o
                0x08000a78                i2c1_probe
 .text.i2c1_write_reg
                0x08000ac4       0x70 i2c_driver.o
                0x08000ac4                i2c1_write_reg
 .text.i2c1_read_regs
                0x08000b34       0xf4 i2c_driver.o
                0x08000b34                i2c1_read_regs
 .text.i2c1_read_reg
                0x08000c28        0x6 i2c_driver.o
                0x08000c28                i2c1_read_reg
 *fill*         0x08000c2e        0x2 
 .text.spi1_init
                0x08000c30       0x68 spi_driver.o
                0x08000c30                spi1_init
 .text.spi1_dc_command
                0x08000c98        0xc spi_driver.o
                0x08000c98                spi1_dc_command
 .text.spi1_dc_data
                0x08000ca4        0xc spi_driver.o
                0x08000ca4                spi1_dc_data
 .text.spi1_res_low
                0x08000cb0        0xc spi_driver.o
                0x08000cb0                spi1_res_low
 .text.spi1_res_high
                0x08000cbc        0xc spi_driver.o
                0x08000cbc                spi1_res_high
 .text.spi1_send_byte
                0x08000cc8       0x20 spi_driver.o
                0x08000cc8                spi1_send_byte
 .text.spi1_send_bytes
                0x08000ce8       0x16 spi_driver.o
                0x08000ce8                spi1_send_bytes
 *fill*         0x08000cfe        0x2 
 .text.hmc5883l_init
                0x08000d00       0xa8 hmc5883l.o
                0x08000d00                hmc5883l_init
 .text.hmc5883l_read_raw
                0x08000da8       0x34 hmc5883l.o
                0x08000da8                hmc5883l_read_raw
 .text.hmc5883l_read
                0x08000ddc       0x60 hmc5883l.o
                0x08000ddc                hmc5883l_read
 .text.mpu6050_init
                0x08000e3c       0x9c mpu6050.o
                0x08000e3c                mpu6050_init
 .text.mpu6050_read_raw
                0x08000ed8       0x54 mpu6050.o
                0x08000ed8                mpu6050_read_raw
 .text.mpu6050_read
                0x08000f2c       0xd8 mpu6050.o
                0x08000f2c                mpu6050_read
 .text.ssd1306_write_command
                0x08001004       0x12 ssd1306.o
 *fill*         0x08001016        0x2 
 .text.ssd1306_update
                0x08001018       0x3c ssd1306.o
                0x08001018                ssd1306_update
 .text.ssd1306_clear
                0x08001054       0x10 ssd1306.o
                0x08001054                ssd1306_clear
 .text.ssd1306_init
                0x08001064       0x60 ssd1306.o
                0x08001064                ssd1306_init
 .text.ssd1306_set_pixel
                0x080010c4       0x34 ssd1306.o
                0x080010c4                ssd1306_set_pixel
 .text.ssd1306_draw_char
                0x080010f8       0x48 ssd1306.o
                0x080010f8                ssd1306_draw_char
 .text.ssd1306_draw_string
                0x08001140       0x22 ssd1306.o
                0x08001140                ssd1306_draw_string
 .text.ssd1306_draw_line
                0x08001162       0x8c ssd1306.o
                0x08001162                ssd1306_draw_line
 .text.ssd1306_draw_circle
                0x080011ee       0xb4 ssd1306.o
                0x080011ee                ssd1306_draw_circle
 *fill*         0x080012a2        0x2 
 .text.ssd1306_draw_compass
                0x080012a4       0xc4 ssd1306.o
                0x080012a4                ssd1306_draw_compass
 .text.ssd1306_draw_float
                0x08001368      0x130 ssd1306.o
                0x08001368                ssd1306_draw_float
 .text.madgwick_init
                0x08001498       0x38 madgwick.o
                0x08001498                madgwick_init
 .text.madgwick_update
                0x080014d0      0xa60 madgwick.o
                0x080014d0                madgwick_update
 .text.madgwick_get_euler
                0x08001f30      0x170 madgwick.o
                0x08001f30                madgwick_get_euler
 .text.madgwick_get_heading
                0x080020a0       0x10 madgwick.o
                0x080020a0                madgwick_get_heading
 .text.madgwick_get_pitch
                0x080020b0       0x10 madgwick.o
                0x080020b0                madgwick_get_pitch
 .text.madgwick_get_roll
                0x080020c0       0x10 madgwick.o
                0x080020c0                madgwick_get_roll
 .text          0x080020d0       0xd8 startup.o
                0x080020d0                Reset_Handler
 .text          0x080021a8       0xa0 /usr/lib/gcc/arm-none-eabi/13.2.1/../../../arm-none-eabi/lib/thumb/v7-m/nofp/libc_nano.a(libc_a-memset.o)
                0x080021a8                memset
 .text          0x08002248       0x70 /usr/lib/gcc/arm-none-eabi/13.2.1/../../../arm-none-eabi/lib/thumb/v7-m/nofp/libm.a(libm_a-sf_cos.o)
                0x08002248                cosf
 .text          0x080022b8       0x3c /usr/lib/gcc/arm-none-eabi/13.2.1/../../../arm-none-eabi/lib/thumb/v7-m/nofp/libm.a(libm_a-wf_sqrt.o)
                0x080022b8                sqrtf
 .text          0x080022f4        0x4 /usr/lib/gcc/arm-none-eabi/13.2.1/../../../arm-none-eabi/lib/thumb/v7-m/nofp/libm.a(libm_a-wf_atan2.o)
                0x080022f4                atan2f
 .text          0x080022f8      0x190 /usr/lib/gcc/arm-none-eabi/13.2.1/../../../arm-none-eabi/lib/thumb/v7-m/nofp/libm.a(libm_a-kf_cos.o)
                0x080022f8                __kernel_cosf
 .text          0x08002488       0x74 /usr/lib/gcc/arm-none-eabi/13.2.1/../../../arm-none-eabi/lib/thumb/v7-m/nofp/libm.a(libm_a-sf_sin.o)
                0x08002488                sinf
 .text          0x080024fc       0x40 /usr/lib/gcc/arm-none-eabi/13.2.1/../../../arm-none-eabi/lib/thumb/v7-m/nofp/libm.a(libm_a-wf_asin.o)
                0x080024fc                asinf
 .text          0x0800253c      0x29c /usr/lib/gcc/arm-none-eabi/13.2.1/../../../arm-none-eabi/lib/thumb/v7-m/nofp/libm.a(libm_a-ef_asin.o)
                0x0800253c                __ieee754_asinf
 .text          0x080027d8      0x110 /usr/lib/gcc/arm-none-eabi/13.2.1/../../../arm-none-eabi/lib/thumb/v7-m/nofp/libm.a(libm_a-ef_atan2.o)
                0x080027d8                __ieee754_atan2f
 .text          0x080028e8      0x228 /usr/lib/gcc/arm-none-eabi/13.2.1/../../../arm-none-eabi/lib/thumb/v7-m/nofp/libm.a(libm_a-sf_atan.o)
                0x080028e8                atanf
 .text          0x08002b10       0xec /usr/lib/gcc/arm-none-eabi/13.2.1/../../../arm-none-eabi/lib/thumb/v7-m/nofp/libm.a(libm_a-kf_sin.o)
                0x08002b10                __kernel_sinf
 .text          0x08002bfc      0x2d4 /usr/lib/gcc/arm-none-eabi/13.2.1/../../../arm-none-eabi/lib/thumb/v7-m/nofp/libm.a(libm_a-ef_rem_pio2.o)
                0x08002bfc                __ieee754_rem_pio2f
 .text          0x08002ed0        0x8 /usr/lib/gcc/arm-none-eabi/13.2.1/../../../arm-none-eabi/lib/thumb/v7-m/nofp/libm.a(libm_a-sf_fabs.o)
                0x08002ed0                fabsf
 .text          0x08002ed8      0x73c /usr/lib/gcc/arm-none-eabi/13.2.1/../../../arm-none-eabi/lib/thumb/v7-m/nofp/libm.a(libm_a-kf_rem_pio2.o)
                0x08002ed8                __kernel_rem_pio2f
 .text          0x08003614       0xd4 /usr/lib/gcc/arm-none-eabi/13.2.1/../../../arm-none-eabi/lib/thumb/v7-m/nofp/libm.a(libm_a-ef_sqrt.o)
                0x08003614                __ieee754_sqrtf
 .text          0x080036e8       0xb0 /usr/lib/gcc/arm-none-eabi/13.2.1/../../../arm-none-eabi/lib/thumb/v7-m/nofp/libm.a(libm_a-sf_scalbn.o)
                0x080036e8                scalbnf
 .text          0x08003798        0x8 /usr/lib/gcc/arm-none-eabi/13.2.1/../../../arm-none-eabi/lib/thumb/v7-m/nofp/libm.a(libm_a-sf_nan.o)
                0x08003798                nanf
 .text          0x080037a0       0x88 /usr/lib/gcc/arm-none-eabi/13.2.1/../../../arm-none-eabi/lib/thumb/v7-m/nofp/libm.a(libm_a-sf_floor.o)
                0x080037a0                floorf
 .text          0x08003828      0x21c /usr/lib/gcc/arm-none-eabi/13.2.1/thumb/v7-m/nofp/libgcc.a(_arm_addsubsf3.o)
                0x08003828                __aeabi_frsub
                0x08003830                __subsf3
                0x08003830                __aeabi_fsub
                0x08003834                __aeabi_fadd
                0x08003834                __addsf3
                0x08003994                __aeabi_ui2f
                0x08003994                __floatunsisf
                0x0800399c                __aeabi_i2f
                0x0800399c                __floatsisf
                0x080039b8                __floatundisf
                0x080039b8                __aeabi_ul2f
                0x080039c8                __floatdisf
                0x080039c8                __aeabi_l2f
 .text          0x08003a44      0x2a0 /usr/lib/gcc/arm-none-eabi/13.2.1/thumb/v7-m/nofp/libgcc.a(_arm_muldivsf3.o)
                0x08003a44                __mulsf3
                0x08003a44                __aeabi_fmul
                0x08003bac                __divsf3
                0x08003bac                __aeabi_fdiv
 .text          0x08003ce4       0xec /usr/lib/gcc/arm-none-eabi/13.2.1/thumb/v7-m/nofp/libgcc.a(_arm_cmpsf2.o)
                0x08003ce4                __gtsf2
                0x08003ce4                __gesf2
                0x08003cec                __lesf2
                0x08003cec                __ltsf2
                0x08003cf4                __nesf2
                0x08003cf4                __eqsf2
                0x08003cf4                __cmpsf2
                0x08003d54                __aeabi_cfrcmple
                0x08003d5c                __aeabi_cfcmple
                0x08003d5c                __aeabi_cfcmpeq
                0x08003d6c                __aeabi_fcmpeq
                0x08003d80                __aeabi_fcmplt
                0x08003d94                __aeabi_fcmple
                0x08003da8                __aeabi_fcmpge
                0x08003dbc                __aeabi_fcmpgt
 .text          0x08003dd0       0x2c /usr/lib/gcc/arm-none-eabi/13.2.1/thumb/v7-m/nofp/libgcc.a(_arm_unordsf2.o)
                0x08003dd0                __aeabi_fcmpun
                0x08003dd0                __unordsf2
 .text          0x08003dfc       0x4c /usr/lib/gcc/arm-none-eabi/13.2.1/thumb/v7-m/nofp/libgcc.a(_arm_fixsfsi.o)
                0x08003dfc                __fixsfsi
                0x08003dfc                __aeabi_f2iz
 .text          0x08003e48       0x40 /usr/lib/gcc/arm-none-eabi/13.2.1/thumb/v7-m/nofp/libgcc.a(_arm_fixunssfsi.o)
                0x08003e48                __aeabi_f2uiz
                0x08003e48                __fixunssfsi
 .text          0x08003e88        0xc /usr/lib/gcc/arm-none-eabi/13.2.1/../../../arm-none-eabi/lib/thumb/v7-m/nofp/libg_nano.a(libc_a-errno.o)
                0x08003e88                __errno
 *(.fini)
                0x08003e94                        . = ALIGN (0x4)

.glue_7         0x08003e94        0x0
 .glue_7        0x08003e94        0x0 linker stubs

.glue_7t        0x08003e94        0x0
 .glue_7t       0x08003e94        0x0 linker stubs

.vfp11_veneer   0x08003e94        0x0
 .vfp11_veneer  0x08003e94        0x0 linker stubs

.v4_bx          0x08003e94        0x0
 .v4_bx         0x08003e94        0x0 linker stubs

.iplt           0x08003e94        0x0
 .iplt          0x08003e94        0x0 main.o

.rodata         0x08003e94      0xd5c
 *(.rodata*)
 .rodata.print_hex32.str1.1
                0x08003e94      0x73c main.o
                                  0x3 (size before relaxing)
 .rodata.check_reg.str1.1
                0x080045d0       0x2c main.o
 .rodata.main.str1.1
                0x080045d0      0x710 main.o
 .rodata.hexchars
                0x080045d0       0x11 main.o
 .rodata.ssd1306_init_cmds
                0x080045e1       0x1a ssd1306.o
 .rodata.font5x7
                0x080045fb      0x1e0 ssd1306.o
 *fill*         0x080047db        0x1 
 .rodata.str1.4
                0x080047dc        0x1 /usr/lib/gcc/arm-none-eabi/13.2.1/../../../arm-none-eabi/lib/thumb/v7-m/nofp/libm.a(libm_a-wf_asin.o)
 *fill*         0x080047dd        0x3 
 .rodata        0x080047e0       0x18 /usr/lib/gcc/arm-none-eabi/13.2.1/../../../arm-none-eabi/lib/thumb/v7-m/nofp/libm.a(libm_a-ef_atan2.o)
 .rodata        0x080047f8       0x20 /usr/lib/gcc/arm-none-eabi/13.2.1/../../../arm-none-eabi/lib/thumb/v7-m/nofp/libm.a(libm_a-sf_atan.o)
 .rodata        0x08004818      0x398 /usr/lib/gcc/arm-none-eabi/13.2.1/../../../arm-none-eabi/lib/thumb/v7-m/nofp/libm.a(libm_a-ef_rem_pio2.o)
 .rodata        0x08004bb0       0x38 /usr/lib/gcc/arm-none-eabi/13.2.1/../../../arm-none-eabi/lib/thumb/v7-m/nofp/libm.a(libm_a-kf_rem_pio2.o)
 .rodata        0x08004be8        0x8 /usr/lib/gcc/arm-none-eabi/13.2.1/../../../arm-none-eabi/lib/thumb/v7-m/nofp/libm.a(libm_a-ef_sqrt.o)
                0x08004bf0                        . = ALIGN (0x4)
                0x08004bf0                        _etext = .

.rel.dyn        0x08004bf0        0x0
 .rel.iplt      0x08004bf0        0x0 main.o

.data           0x20000000       0x5c load address 0x08004bf0
                0x20000000                        _sdata = .
 *(.data*)
 .data.g_gain_lsb_per_gauss
                0x20000000        0x4 hmc5883l.o
 .data.g_gyro_scale
                0x20000004        0x4 mpu6050.o
 .data.g_accel_scale
                0x20000008        0x4 mpu6050.o
 .data          0x2000000c       0x50 /usr/lib/gcc/arm-none-eabi/13.2.1/../../../arm-none-eabi/lib/thumb/v7-m/nofp/libg_nano.a(libc_a-impure.o)
                0x2000000c                _impure_ptr
                0x20000010                _impure_data
                0x2000005c                        . = ALIGN (0x4)
                0x2000005c                        _edata = .

.igot.plt       0x2000005c        0x0 load address 0x08004c4c
 .igot.plt      0x2000005c        0x0 main.o

.bss            0x2000005c      0x420 load address 0x08004c4c
                0x2000005c                        _sbss = .
 *(.bss*)
 .bss.g_ticks   0x2000005c        0x4 main.o
 .bss.g_last_sr1
                0x20000060        0x4 i2c_driver.o
 .bss.ssd1306_fb
                0x20000064      0x400 ssd1306.o
                0x20000064                ssd1306_fb
 .bss.g_q3      0x20000464        0x4 madgwick.o
 .bss.g_q2      0x20000468        0x4 madgwick.o
 .bss.g_q1      0x2000046c        0x4 madgwick.o
 .bss.g_q0      0x20000470        0x4 madgwick.o
 .bss.g_sample_freq
                0x20000474        0x4 madgwick.o
 .bss.g_beta    0x20000478        0x4 madgwick.o
 *(COMMON)
                0x2000047c                        . = ALIGN (0x4)
                0x2000047c                        _ebss = .
OUTPUT(compass.elf elf32-littlearm)
LOAD linker stubs

.debug_info     0x00000000     0x9d13
 .debug_info    0x00000000     0x1878 main.o
 .debug_info    0x00001878      0x407 uart.o
 .debug_info    0x00001c7f      0x709 i2c_driver.o
 .debug_info    0x00002388      0x399 spi_driver.o
 .debug_info    0x00002721      0x4a8 hmc5883l.o
 .debug_info    0x00002bc9      0x553 mpu6050.o
 .debug_info    0x0000311c      0xe24 ssd1306.o
 .debug_info    0x00003f40     0x1b98 madgwick.o
 .debug_info    0x00005ad8       0x35 startup.o
 .debug_info    0x00005b0d      0x135 /usr/lib/gcc/arm-none-eabi/13.2.1/../../../arm-none-eabi/lib/thumb/v7-m/nofp/libc_nano.a(libc_a-memset.o)
 .debug_info    0x00005c42      0x21a /usr/lib/gcc/arm-none-eabi/13.2.1/../../../arm-none-eabi/lib/thumb/v7-m/nofp/libm.a(libm_a-sf_cos.o)
 .debug_info    0x00005e5c      0x145 /usr/lib/gcc/arm-none-eabi/13.2.1/../../../arm-none-eabi/lib/thumb/v7-m/nofp/libm.a(libm_a-wf_sqrt.o)
 .debug_info    0x00005fa1       0xf8 /usr/lib/gcc/arm-none-eabi/13.2.1/../../../arm-none-eabi/lib/thumb/v7-m/nofp/libm.a(libm_a-wf_atan2.o)
 .debug_info    0x00006099      0x39c /usr/lib/gcc/arm-none-eabi/13.2.1/../../../arm-none-eabi/lib/thumb/v7-m/nofp/libm.a(libm_a-kf_cos.o)
 .debug_info    0x00006435      0x232 /usr/lib/gcc/arm-none-eabi/13.2.1/../../../arm-none-eabi/lib/thumb/v7-m/nofp/libm.a(libm_a-sf_sin.o)
 .debug_info    0x00006667      0x18e /usr/lib/gcc/arm-none-eabi/13.2.1/../../../arm-none-eabi/lib/thumb/v7-m/nofp/libm.a(libm_a-wf_asin.o)
 .debug_info    0x000067f5      0x5e9 /usr/lib/gcc/arm-none-eabi/13.2.1/../../../arm-none-eabi/lib/thumb/v7-m/nofp/libm.a(libm_a-ef_asin.o)
 .debug_info    0x00006dde      0x313 /usr/lib/gcc/arm-none-eabi/13.2.1/../../../arm-none-eabi/lib/thumb/v7-m/nofp/libm.a(libm_a-ef_atan2.o)
 .debug_info    0x000070f1      0x406 /usr/lib/gcc/arm-none-eabi/13.2.1/../../../arm-none-eabi/lib/thumb/v7-m/nofp/libm.a(libm_a-sf_atan.o)
 .debug_info    0x000074f7      0x2db /usr/lib/gcc/arm-none-eabi/13.2.1/../../../arm-none-eabi/lib/thumb/v7-m/nofp/libm.a(libm_a-kf_sin.o)
 .debug_info    0x000077d2      0x60d /usr/lib/gcc/arm-none-eabi/13.2.1/../../../arm-none-eabi/lib/thumb/v7-m/nofp/libm.a(libm_a-ef_rem_pio2.o)
 .debug_info    0x00007ddf      0x13e /usr/lib/gcc/arm-none-eabi/13.2.1/../../../arm-none-eabi/lib/thumb/v7-m/nofp/libm.a(libm_a-sf_fabs.o)
 .debug_info    0x00007f1d      0x5ce /usr/lib/gcc/arm-none-eabi/13.2.1/../../../arm-none-eabi/lib/thumb/v7-m/nofp/libm.a(libm_a-kf_rem_pio2.o)
 .debug_info    0x000084eb      0x27f /usr/lib/gcc/arm-none-eabi/13.2.1/../../../arm-none-eabi/lib/thumb/v7-m/nofp/libm.a(libm_a-ef_sqrt.o)
 .debug_info    0x0000876a      0x25d /usr/lib/gcc/arm-none-eabi/13.2.1/../../../arm-none-eabi/lib/thumb/v7-m/nofp/libm.a(libm_a-sf_scalbn.o)
 .debug_info    0x000089c7       0xcf /usr/lib/gcc/arm-none-eabi/13.2.1/../../../arm-none-eabi/lib/thumb/v7-m/nofp/libm.a(libm_a-sf_nan.o)
 .debug_info    0x00008a96      0x1d1 /usr/lib/gcc/arm-none-eabi/13.2.1/../../../arm-none-eabi/lib/thumb/v7-m/nofp/libm.a(libm_a-sf_floor.o)
 .debug_info    0x00008c67       0xca /usr/lib/gcc/arm-none-eabi/13.2.1/thumb/v7-m/nofp/libgcc.a(_arm_addsubsf3.o)
 .debug_info    0x00008d31       0x57 /usr/lib/gcc/arm-none-eabi/13.2.1/thumb/v7-m/nofp/libgcc.a(_arm_muldivsf3.o)
 .debug_info    0x00008d88       0xdb /usr/lib/gcc/arm-none-eabi/13.2.1/thumb/v7-m/nofp/libgcc.a(_arm_cmpsf2.o)
 .debug_info    0x00008e63       0x3c /usr/lib/gcc/arm-none-eabi/13.2.1/thumb/v7-m/nofp/libgcc.a(_arm_unordsf2.o)
 .debug_info    0x00008e9f       0x3c /usr/lib/gcc/arm-none-eabi/13.2.1/thumb/v7-m/nofp/libgcc.a(_arm_fixsfsi.o)
 .debug_info    0x00008edb       0x3c /usr/lib/gcc/arm-none-eabi/13.2.1/thumb/v7-m/nofp/libgcc.a(_arm_fixunssfsi.o)
 .debug_info    0x00008f17      0x6f1 /usr/lib/gcc/arm-none-eabi/13.2.1/../../../arm-none-eabi/lib/thumb/v7-m/nofp/libg_nano.a(libc_a-errno.o)
 .debug_info    0x00009608      0x70b /usr/lib/gcc/arm-none-eabi/13.2.1/../../../arm-none-eabi/lib/thumb/v7-m/nofp/libg_nano.a(libc_a-impure.o)

.debug_abbrev   0x00000000     0x2900
 .debug_abbrev  0x00000000      0x367 main.o
 .debug_abbrev  0x00000367      0x191 uart.o
 .debug_abbrev  0x000004f8      0x29a i2c_driver.o
 .debug_abbrev  0x00000792      0x18d spi_driver.o
 .debug_abbrev  0x0000091f      0x1a3 hmc5883l.o
 .debug_abbrev  0x00000ac2      0x184 mpu6050.o
 .debug_abbrev  0x00000c46      0x35f ssd1306.o
 .debug_abbrev  0x00000fa5      0x1f7 madgwick.o
 .debug_abbrev  0x0000119c       0x21 startup.o
 .debug_abbrev  0x000011bd       0xb7 /usr/lib/gcc/arm-none-eabi/13.2.1/../../../arm-none-eabi/lib/thumb/v7-m/nofp/libc_nano.a(libc_a-memset.o)
 .debug_abbrev  0x00001274      0x167 /usr/lib/gcc/arm-none-eabi/13.2.1/../../../arm-none-eabi/lib/thumb/v7-m/nofp/libm.a(libm_a-sf_cos.o)
 .debug_abbrev  0x000013db       0xd5 /usr/lib/gcc/arm-none-eabi/13.2.1/../../../arm-none-eabi/lib/thumb/v7-m/nofp/libm.a(libm_a-wf_sqrt.o)
 .debug_abbrev  0x000014b0       0x8e /usr/lib/gcc/arm-none-eabi/13.2.1/../../../arm-none-eabi/lib/thumb/v7-m/nofp/libm.a(libm_a-wf_atan2.o)
 .debug_abbrev  0x0000153e      0x109 /usr/lib/gcc/arm-none-eabi/13.2.1/../../../arm-none-eabi/lib/thumb/v7-m/nofp/libm.a(libm_a-kf_cos.o)
 .debug_abbrev  0x00001647      0x160 /usr/lib/gcc/arm-none-eabi/13.2.1/../../../arm-none-eabi/lib/thumb/v7-m/nofp/libm.a(libm_a-sf_sin.o)
 .debug_abbrev  0x000017a7      0x102 /usr/lib/gcc/arm-none-eabi/13.2.1/../../../arm-none-eabi/lib/thumb/v7-m/nofp/libm.a(libm_a-wf_asin.o)
 .debug_abbrev  0x000018a9      0x174 /usr/lib/gcc/arm-none-eabi/13.2.1/../../../arm-none-eabi/lib/thumb/v7-m/nofp/libm.a(libm_a-ef_asin.o)
 .debug_abbrev  0x00001a1d      0x14f /usr/lib/gcc/arm-none-eabi/13.2.1/../../../arm-none-eabi/lib/thumb/v7-m/nofp/libm.a(libm_a-ef_atan2.o)
 .debug_abbrev  0x00001b6c      0x149 /usr/lib/gcc/arm-none-eabi/13.2.1/../../../arm-none-eabi/lib/thumb/v7-m/nofp/libm.a(libm_a-sf_atan.o)
 .debug_abbrev  0x00001cb5      0x10e /usr/lib/gcc/arm-none-eabi/13.2.1/../../../arm-none-eabi/lib/thumb/v7-m/nofp/libm.a(libm_a-kf_sin.o)
 .debug_abbrev  0x00001dc3      0x191 /usr/lib/gcc/arm-none-eabi/13.2.1/../../../arm-none-eabi/lib/thumb/v7-m/nofp/libm.a(libm_a-ef_rem_pio2.o)
 .debug_abbrev  0x00001f54       0xd4 /usr/lib/gcc/arm-none-eabi/13.2.1/../../../arm-none-eabi/lib/thumb/v7-m/nofp/libm.a(libm_a-sf_fabs.o)
 .debug_abbrev  0x00002028      0x16f /usr/lib/gcc/arm-none-eabi/13.2.1/../../../arm-none-eabi/lib/thumb/v7-m/nofp/libm.a(libm_a-kf_rem_pio2.o)
 .debug_abbrev  0x00002197      0x11e /usr/lib/gcc/arm-none-eabi/13.2.1/../../../arm-none-eabi/lib/thumb/v7-m/nofp/libm.a(libm_a-ef_sqrt.o)
 .debug_abbrev  0x000022b5      0x127 /usr/lib/gcc/arm-none-eabi/13.2.1/../../../arm-none-eabi/lib/thumb/v7-m/nofp/libm.a(libm_a-sf_scalbn.o)
 .debug_abbrev  0x000023dc       0x7a /usr/lib/gcc/arm-none-eabi/13.2.1/../../../arm-none-eabi/lib/thumb/v7-m/nofp/libm.a(libm_a-sf_nan.o)
 .debug_abbrev  0x00002456      0x113 /usr/lib/gcc/arm-none-eabi/13.2.1/../../../arm-none-eabi/lib/thumb/v7-m/nofp/libm.a(libm_a-sf_floor.o)
 .debug_abbrev  0x00002569       0x28 /usr/lib/gcc/arm-none-eabi/13.2.1/thumb/v7-m/nofp/libgcc.a(_arm_addsubsf3.o)
 .debug_abbrev  0x00002591       0x28 /usr/lib/gcc/arm-none-eabi/13.2.1/thumb/v7-m/nofp/libgcc.a(_arm_muldivsf3.o)
 .debug_abbrev  0x000025b9       0x28 /usr/lib/gcc/arm-none-eabi/13.2.1/thumb/v7-m/nofp/libgcc.a(_arm_cmpsf2.o)
 .debug_abbrev  0x000025e1       0x28 /usr/lib/gcc/arm-none-eabi/13.2.1/thumb/v7-m/nofp/libgcc.a(_arm_unordsf2.o)
 .debug_abbrev  0x00002609       0x28 /usr/lib/gcc/arm-none-eabi/13.2.1/thumb/v7-m/nofp/libgcc.a(_arm_fixsfsi.o)
 .debug_abbrev  0x00002631       0x28 /usr/lib/gcc/arm-none-eabi/13.2.1/thumb/v7-m/nofp/libgcc.a(_arm_fixunssfsi.o)
 .debug_abbrev  0x00002659      0x15e /usr/lib/gcc/arm-none-eabi/13.2.1/../../../arm-none-eabi/lib/thumb/v7-m/nofp/libg_nano.a(libc_a-errno.o)
 .debug_abbrev  0x000027b7      0x149 /usr/lib/gcc/arm-none-eabi/13.2.1/../../../arm-none-eabi/lib/thumb/v7-m/nofp/libg_nano.a(libc_a-impure.o)

.debug_loclists
                0x00000000     0x4918
 .debug_loclists
                0x00000000      0x36f main.o
 .debug_loclists
                0x0000036f      0x176 uart.o
 .debug_loclists
                0x000004e5      0x2fd i2c_driver.o
 .debug_loclists
                0x000007e2      0x10d spi_driver.o
 .debug_loclists
                0x000008ef       0x48 hmc5883l.o
 .debug_loclists
                0x00000937       0x35 mpu6050.o
 .debug_loclists
                0x0000096c      0xb00 ssd1306.o
 .debug_loclists
                0x0000146c      0xeea madgwick.o
 .debug_loclists
                0x00002356      0x1d7 /usr/lib/gcc/arm-none-eabi/13.2.1/../../../arm-none-eabi/lib/thumb/v7-m/nofp/libc_nano.a(libc_a-memset.o)
 .debug_loclists
                0x0000252d       0x8a /usr/lib/gcc/arm-none-eabi/13.2.1/../../../arm-none-eabi/lib/thumb/v7-m/nofp/libm.a(libm_a-sf_cos.o)
 .debug_loclists
                0x000025b7       0x23 /usr/lib/gcc/arm-none-eabi/13.2.1/../../../arm-none-eabi/lib/thumb/v7-m/nofp/libm.a(libm_a-wf_sqrt.o)
 .debug_loclists
                0x000025da       0x34 /usr/lib/gcc/arm-none-eabi/13.2.1/../../../arm-none-eabi/lib/thumb/v7-m/nofp/libm.a(libm_a-wf_atan2.o)
 .debug_loclists
                0x0000260e      0x1a3 /usr/lib/gcc/arm-none-eabi/13.2.1/../../../arm-none-eabi/lib/thumb/v7-m/nofp/libm.a(libm_a-kf_cos.o)
 .debug_loclists
                0x000027b1       0x75 /usr/lib/gcc/arm-none-eabi/13.2.1/../../../arm-none-eabi/lib/thumb/v7-m/nofp/libm.a(libm_a-sf_sin.o)
 .debug_loclists
                0x00002826       0x2f /usr/lib/gcc/arm-none-eabi/13.2.1/../../../arm-none-eabi/lib/thumb/v7-m/nofp/libm.a(libm_a-wf_asin.o)
 .debug_loclists
                0x00002855      0x462 /usr/lib/gcc/arm-none-eabi/13.2.1/../../../arm-none-eabi/lib/thumb/v7-m/nofp/libm.a(libm_a-ef_asin.o)
 .debug_loclists
                0x00002cb7      0x4b8 /usr/lib/gcc/arm-none-eabi/13.2.1/../../../arm-none-eabi/lib/thumb/v7-m/nofp/libm.a(libm_a-ef_atan2.o)
 .debug_loclists
                0x0000316f      0x37b /usr/lib/gcc/arm-none-eabi/13.2.1/../../../arm-none-eabi/lib/thumb/v7-m/nofp/libm.a(libm_a-sf_atan.o)
 .debug_loclists
                0x000034ea       0xcf /usr/lib/gcc/arm-none-eabi/13.2.1/../../../arm-none-eabi/lib/thumb/v7-m/nofp/libm.a(libm_a-kf_sin.o)
 .debug_loclists
                0x000035b9      0x50c /usr/lib/gcc/arm-none-eabi/13.2.1/../../../arm-none-eabi/lib/thumb/v7-m/nofp/libm.a(libm_a-ef_rem_pio2.o)
 .debug_loclists
                0x00003ac5       0x57 /usr/lib/gcc/arm-none-eabi/13.2.1/../../../arm-none-eabi/lib/thumb/v7-m/nofp/libm.a(libm_a-sf_fabs.o)
 .debug_loclists
                0x00003b1c      0x91e /usr/lib/gcc/arm-none-eabi/13.2.1/../../../arm-none-eabi/lib/thumb/v7-m/nofp/libm.a(libm_a-kf_rem_pio2.o)
 .debug_loclists
                0x0000443a      0x1e6 /usr/lib/gcc/arm-none-eabi/13.2.1/../../../arm-none-eabi/lib/thumb/v7-m/nofp/libm.a(libm_a-ef_sqrt.o)
 .debug_loclists
                0x00004620      0x213 /usr/lib/gcc/arm-none-eabi/13.2.1/../../../arm-none-eabi/lib/thumb/v7-m/nofp/libm.a(libm_a-sf_scalbn.o)
 .debug_loclists
                0x00004833       0x24 /usr/lib/gcc/arm-none-eabi/13.2.1/../../../arm-none-eabi/lib/thumb/v7-m/nofp/libm.a(libm_a-sf_nan.o)
 .debug_loclists
                0x00004857       0xc1 /usr/lib/gcc/arm-none-eabi/13.2.1/../../../arm-none-eabi/lib/thumb/v7-m/nofp/libm.a(libm_a-sf_floor.o)

.debug_aranges  0x00000000      0x680
 .debug_aranges
                0x00000000       0x88 main.o
 .debug_aranges
                0x00000088       0x40 uart.o
 .debug_aranges
                0x000000c8       0x68 i2c_driver.o
 .debug_aranges
                0x00000130       0x68 spi_driver.o
 .debug_aranges
                0x00000198       0x50 hmc5883l.o
 .debug_aranges
                0x000001e8       0x60 mpu6050.o
 .debug_aranges
                0x00000248       0x88 ssd1306.o
 .debug_aranges
                0x000002d0       0x58 madgwick.o
 .debug_aranges
                0x00000328       0x20 startup.o
 .debug_aranges
                0x00000348       0x20 /usr/lib/gcc/arm-none-eabi/13.2.1/../../../arm-none-eabi/lib/thumb/v7-m/nofp/libc_nano.a(libc_a-memset.o)
 .debug_aranges
                0x00000368       0x20 /usr/lib/gcc/arm-none-eabi/13.2.1/../../../arm-none-eabi/lib/thumb/v7-m/nofp/libm.a(libm_a-sf_cos.o)
 .debug_aranges
                0x00000388       0x20 /usr/lib/gcc/arm-none-eabi/13.2.1/../../../arm-none-eabi/lib/thumb/v7-m/nofp/libm.a(libm_a-wf_sqrt.o)
 .debug_aranges
                0x000003a8       0x20 /usr/lib/gcc/arm-none-eabi/13.2.1/../../../arm-none-eabi/lib/thumb/v7-m/nofp/libm.a(libm_a-wf_atan2.o)
 .debug_aranges
                0x000003c8       0x20 /usr/lib/gcc/arm-none-eabi/13.2.1/../../../arm-none-eabi/lib/thumb/v7-m/nofp/libm.a(libm_a-kf_cos.o)
 .debug_aranges
                0x000003e8       0x20 /usr/lib/gcc/arm-none-eabi/13.2.1/../../../arm-none-eabi/lib/thumb/v7-m/nofp/libm.a(libm_a-sf_sin.o)
 .debug_aranges
                0x00000408       0x20 /usr/lib/gcc/arm-none-eabi/13.2.1/../../../arm-none-eabi/lib/thumb/v7-m/nofp/libm.a(libm_a-wf_asin.o)
 .debug_aranges
                0x00000428       0x20 /usr/lib/gcc/arm-none-eabi/13.2.1/../../../arm-none-eabi/lib/thumb/v7-m/nofp/libm.a(libm_a-ef_asin.o)
 .debug_aranges
                0x00000448       0x20 /usr/lib/gcc/arm-none-eabi/13.2.1/../../../arm-none-eabi/lib/thumb/v7-m/nofp/libm.a(libm_a-ef_atan2.o)
 .debug_aranges
                0x00000468       0x20 /usr/lib/gcc/arm-none-eabi/13.2.1/../../../arm-none-eabi/lib/thumb/v7-m/nofp/libm.a(libm_a-sf_atan.o)
 .debug_aranges
                0x00000488       0x20 /usr/lib/gcc/arm-none-eabi/13.2.1/../../../arm-none-eabi/lib/thumb/v7-m/nofp/libm.a(libm_a-kf_sin.o)
 .debug_aranges
                0x000004a8       0x20 /usr/lib/gcc/arm-none-eabi/13.2.1/../../../arm-none-eabi/lib/thumb/v7-m/nofp/libm.a(libm_a-ef_rem_pio2.o)
 .debug_aranges
                0x000004c8       0x20 /usr/lib/gcc/arm-none-eabi/13.2.1/../../../arm-none-eabi/lib/thumb/v7-m/nofp/libm.a(libm_a-sf_fabs.o)
 .debug_aranges
                0x000004e8       0x20 /usr/lib/gcc/arm-none-eabi/13.2.1/../../../arm-none-eabi/lib/thumb/v7-m/nofp/libm.a(libm_a-kf_rem_pio2.o)
 .debug_aranges
                0x00000508       0x20 /usr/lib/gcc/arm-none-eabi/13.2.1/../../../arm-none-eabi/lib/thumb/v7-m/nofp/libm.a(libm_a-ef_sqrt.o)
 .debug_aranges
                0x00000528       0x20 /usr/lib/gcc/arm-none-eabi/13.2.1/../../../arm-none-eabi/lib/thumb/v7-m/nofp/libm.a(libm_a-sf_scalbn.o)
 .debug_aranges
                0x00000548       0x20 /usr/lib/gcc/arm-none-eabi/13.2.1/../../../arm-none-eabi/lib/thumb/v7-m/nofp/libm.a(libm_a-sf_nan.o)
 .debug_aranges
                0x00000568       0x20 /usr/lib/gcc/arm-none-eabi/13.2.1/../../../arm-none-eabi/lib/thumb/v7-m/nofp/libm.a(libm_a-sf_floor.o)
 .debug_aranges
                0x00000588       0x20 /usr/lib/gcc/arm-none-eabi/13.2.1/thumb/v7-m/nofp/libgcc.a(_arm_addsubsf3.o)
 .debug_aranges
                0x000005a8       0x20 /usr/lib/gcc/arm-none-eabi/13.2.1/thumb/v7-m/nofp/libgcc.a(_arm_muldivsf3.o)
 .debug_aranges
                0x000005c8       0x20 /usr/lib/gcc/arm-none-eabi/13.2.1/thumb/v7-m/nofp/libgcc.a(_arm_cmpsf2.o)
 .debug_aranges
                0x000005e8       0x20 /usr/lib/gcc/arm-none-eabi/13.2.1/thumb/v7-m/nofp/libgcc.a(_arm_unordsf2.o)
 .debug_aranges
                0x00000608       0x20 /usr/lib/gcc/arm-none-eabi/13.2.1/thumb/v7-m/nofp/libgcc.a(_arm_fixsfsi.o)
 .debug_aranges
                0x00000628       0x20 /usr/lib/gcc/arm-none-eabi/13.2.1/thumb/v7-m/nofp/libgcc.a(_arm_fixunssfsi.o)
 .debug_aranges
                0x00000648       0x20 /usr/lib/gcc/arm-none-eabi/13.2.1/../../../arm-none-eabi/lib/thumb/v7-m/nofp/libg_nano.a(libc_a-errno.o)
 .debug_aranges
                0x00000668       0x18 /usr/lib/gcc/arm-none-eabi/13.2.1/../../../arm-none-eabi/lib/thumb/v7-m/nofp/libg_nano.a(libc_a-impure.o)

.debug_rnglists
                0x00000000      0x54d
 .debug_rnglists
                0x00000000       0xea main.o
 .debug_rnglists
                0x000000ea       0x2b uart.o
 .debug_rnglists
                0x00000115       0x92 i2c_driver.o
 .debug_rnglists
                0x000001a7       0x58 spi_driver.o
 .debug_rnglists
                0x000001ff       0x47 hmc5883l.o
 .debug_rnglists
                0x00000246       0x45 mpu6050.o
 .debug_rnglists
                0x0000028b       0xf8 ssd1306.o
 .debug_rnglists
                0x00000383       0xa9 madgwick.o
 .debug_rnglists
                0x0000042c       0x13 /usr/lib/gcc/arm-none-eabi/13.2.1/../../../arm-none-eabi/lib/thumb/v7-m/nofp/libm.a(libm_a-sf_cos.o)
 .debug_rnglists
                0x0000043f       0x13 /usr/lib/gcc/arm-none-eabi/13.2.1/../../../arm-none-eabi/lib/thumb/v7-m/nofp/libm.a(libm_a-kf_cos.o)
 .debug_rnglists
                0x00000452       0x13 /usr/lib/gcc/arm-none-eabi/13.2.1/../../../arm-none-eabi/lib/thumb/v7-m/nofp/libm.a(libm_a-sf_sin.o)
 .debug_rnglists
                0x00000465       0x23 /usr/lib/gcc/arm-none-eabi/13.2.1/../../../arm-none-eabi/lib/thumb/v7-m/nofp/libm.a(libm_a-ef_asin.o)
 .debug_rnglists
                0x00000488       0x1a /usr/lib/gcc/arm-none-eabi/13.2.1/../../../arm-none-eabi/lib/thumb/v7-m/nofp/libm.a(libm_a-ef_atan2.o)
 .debug_rnglists
                0x000004a2       0x13 /usr/lib/gcc/arm-none-eabi/13.2.1/../../../arm-none-eabi/lib/thumb/v7-m/nofp/libm.a(libm_a-sf_atan.o)
 .debug_rnglists
                0x000004b5       0x13 /usr/lib/gcc/arm-none-eabi/13.2.1/../../../arm-none-eabi/lib/thumb/v7-m/nofp/libm.a(libm_a-kf_sin.o)
 .debug_rnglists
                0x000004c8       0x28 /usr/lib/gcc/arm-none-eabi/13.2.1/../../../arm-none-eabi/lib/thumb/v7-m/nofp/libm.a(libm_a-ef_rem_pio2.o)
 .debug_rnglists
                0x000004f0       0x13 /usr/lib/gcc/arm-none-eabi/13.2.1/../../../arm-none-eabi/lib/thumb/v7-m/nofp/libm.a(libm_a-sf_fabs.o)
 .debug_rnglists
                0x00000503       0x13 /usr/lib/gcc/arm-none-eabi/13.2.1/../../../arm-none-eabi/lib/thumb/v7-m/nofp/libm.a(libm_a-ef_sqrt.o)
 .debug_rnglists
                0x00000516       0x21 /usr/lib/gcc/arm-none-eabi/13.2.1/../../../arm-none-eabi/lib/thumb/v7-m/nofp/libm.a(libm_a-sf_scalbn.o)
 .debug_rnglists
                0x00000537       0x16 /usr/lib/gcc/arm-none-eabi/13.2.1/../../../arm-none-eabi/lib/thumb/v7-m/nofp/libm.a(libm_a-sf_floor.o)

.debug_macro    0x00000000     0x2b42
 .debug_macro   0x00000000       0x79 main.o
 .debug_macro   0x00000079      0xac0 main.o
 .debug_macro   0x00000b39      0x34e main.o
 .debug_macro   0x00000e87      0x465 main.o
 .debug_macro   0x000012ec       0x16 main.o
 .debug_macro   0x00001302       0x22 main.o
 .debug_macro   0x00001324       0xf4 main.o
 .debug_macro   0x00001418      0x124 main.o
 .debug_macro   0x0000153c      0x190 main.o
 .debug_macro   0x000016cc       0x16 main.o
 .debug_macro   0x000016e2       0x81 uart.o
 .debug_macro   0x00001763      0x46b uart.o
 .debug_macro   0x00001bce       0x38 i2c_driver.o
 .debug_macro   0x00001c06       0x10 i2c_driver.o
 .debug_macro   0x00001c16       0x38 spi_driver.o
 .debug_macro   0x00001c4e       0x1c spi_driver.o
 .debug_macro   0x00001c6a       0x41 hmc5883l.o
 .debug_macro   0x00001cab       0xee hmc5883l.o
 .debug_macro   0x00001d99       0x41 mpu6050.o
 .debug_macro   0x00001dda      0x11e mpu6050.o
 .debug_macro   0x00001ef8      0x132 ssd1306.o
 .debug_macro   0x0000202a       0x22 ssd1306.o
 .debug_macro   0x0000204c       0x60 ssd1306.o
 .debug_macro   0x000020ac       0x24 ssd1306.o
 .debug_macro   0x000020d0       0x94 ssd1306.o
 .debug_macro   0x00002164       0x3c ssd1306.o
 .debug_macro   0x000021a0       0x34 ssd1306.o
 .debug_macro   0x000021d4       0x57 ssd1306.o
 .debug_macro   0x0000222b      0x370 ssd1306.o
 .debug_macro   0x0000259b       0x16 ssd1306.o
 .debug_macro   0x000025b1       0x4a ssd1306.o
 .debug_macro   0x000025fb       0x34 ssd1306.o
 .debug_macro   0x0000262f       0x10 ssd1306.o
 .debug_macro   0x0000263f       0x52 ssd1306.o
 .debug_macro   0x00002691      0x1de ssd1306.o
 .debug_macro   0x0000286f      0x19b ssd1306.o
 .debug_macro   0x00002a0a       0x16 ssd1306.o
 .debug_macro   0x00002a20       0x3c ssd1306.o
 .debug_macro   0x00002a5c       0xe6 madgwick.o

.debug_line     0x00000000     0x6c3c
 .debug_line    0x00000000      0xa21 main.o
 .debug_line    0x00000a21      0x20f uart.o
 .debug_line    0x00000c30      0x623 i2c_driver.o
 .debug_line    0x00001253      0x32b spi_driver.o
 .debug_line    0x0000157e      0x2df hmc5883l.o
 .debug_line    0x0000185d      0x330 mpu6050.o
 .debug_line    0x00001b8d      0x8f6 ssd1306.o
 .debug_line    0x00002483     0x1273 madgwick.o
 .debug_line    0x000036f6       0x96 startup.o
 .debug_line    0x0000378c      0x1b1 /usr/lib/gcc/arm-none-eabi/13.2.1/../../../arm-none-eabi/lib/thumb/v7-m/nofp/libc_nano.a(libc_a-memset.o)
 .debug_line    0x0000393d      0x1d6 /usr/lib/gcc/arm-none-eabi/13.2.1/../../../arm-none-eabi/lib/thumb/v7-m/nofp/libm.a(libm_a-sf_cos.o)
 .debug_line    0x00003b13      0x171 /usr/lib/gcc/arm-none-eabi/13.2.1/../../../arm-none-eabi/lib/thumb/v7-m/nofp/libm.a(libm_a-wf_sqrt.o)
 .debug_line    0x00003c84       0xdf /usr/lib/gcc/arm-none-eabi/13.2.1/../../../arm-none-eabi/lib/thumb/v7-m/nofp/libm.a(libm_a-wf_atan2.o)
 .debug_line    0x00003d63      0x20d /usr/lib/gcc/arm-none-eabi/13.2.1/../../../arm-none-eabi/lib/thumb/v7-m/nofp/libm.a(libm_a-kf_cos.o)
 .debug_line    0x00003f70      0x1d2 /usr/lib/gcc/arm-none-eabi/13.2.1/../../../arm-none-eabi/lib/thumb/v7-m/nofp/libm.a(libm_a-sf_sin.o)
 .debug_line    0x00004142      0x179 /usr/lib/gcc/arm-none-eabi/13.2.1/../../../arm-none-eabi/lib/thumb/v7-m/nofp/libm.a(libm_a-wf_asin.o)
 .debug_line    0x000042bb      0x32e /usr/lib/gcc/arm-none-eabi/13.2.1/../../../arm-none-eabi/lib/thumb/v7-m/nofp/libm.a(libm_a-ef_asin.o)
 .debug_line    0x000045e9      0x2e6 /usr/lib/gcc/arm-none-eabi/13.2.1/../../../arm-none-eabi/lib/thumb/v7-m/nofp/libm.a(libm_a-ef_atan2.o)
 .debug_line    0x000048cf      0x305 /usr/lib/gcc/arm-none-eabi/13.2.1/../../../arm-none-eabi/lib/thumb/v7-m/nofp/libm.a(libm_a-sf_atan.o)
 .debug_line    0x00004bd4      0x1bb /usr/lib/gcc/arm-none-eabi/13.2.1/../../../arm-none-eabi/lib/thumb/v7-m/nofp/libm.a(libm_a-kf_sin.o)
 .debug_line    0x00004d8f      0x50f /usr/lib/gcc/arm-none-eabi/13.2.1/../../../arm-none-eabi/lib/thumb/v7-m/nofp/libm.a(libm_a-ef_rem_pio2.o)
 .debug_line    0x0000529e      0x154 /usr/lib/gcc/arm-none-eabi/13.2.1/../../../arm-none-eabi/lib/thumb/v7-m/nofp/libm.a(libm_a-sf_fabs.o)
 .debug_line    0x000053f2      0xa7b /usr/lib/gcc/arm-none-eabi/13.2.1/../../../arm-none-eabi/lib/thumb/v7-m/nofp/libm.a(libm_a-kf_rem_pio2.o)
 .debug_line    0x00005e6d      0x2c9 /usr/lib/gcc/arm-none-eabi/13.2.1/../../../arm-none-eabi/lib/thumb/v7-m/nofp/libm.a(libm_a-ef_sqrt.o)
 .debug_line    0x00006136      0x242 /usr/lib/gcc/arm-none-eabi/13.2.1/../../../arm-none-eabi/lib/thumb/v7-m/nofp/libm.a(libm_a-sf_scalbn.o)
 .debug_line    0x00006378       0xb0 /usr/lib/gcc/arm-none-eabi/13.2.1/../../../arm-none-eabi/lib/thumb/v7-m/nofp/libm.a(libm_a-sf_nan.o)
 .debug_line    0x00006428      0x24a /usr/lib/gcc/arm-none-eabi/13.2.1/../../../arm-none-eabi/lib/thumb/v7-m/nofp/libm.a(libm_a-sf_floor.o)
 .debug_line    0x00006672      0x103 /usr/lib/gcc/arm-none-eabi/13.2.1/thumb/v7-m/nofp/libgcc.a(_arm_addsubsf3.o)
 .debug_line    0x00006775      0x123 /usr/lib/gcc/arm-none-eabi/13.2.1/thumb/v7-m/nofp/libgcc.a(_arm_muldivsf3.o)
 .debug_line    0x00006898       0x9a /usr/lib/gcc/arm-none-eabi/13.2.1/thumb/v7-m/nofp/libgcc.a(_arm_cmpsf2.o)
 .debug_line    0x00006932       0x57 /usr/lib/gcc/arm-none-eabi/13.2.1/thumb/v7-m/nofp/libgcc.a(_arm_unordsf2.o)
 .debug_line    0x00006989       0x62 /usr/lib/gcc/arm-none-eabi/13.2.1/thumb/v7-m/nofp/libgcc.a(_arm_fixsfsi.o)
 .debug_line    0x000069eb       0x5e /usr/lib/gcc/arm-none-eabi/13.2.1/thumb/v7-m/nofp/libgcc.a(_arm_fixunssfsi.o)
 .debug_line    0x00006a49      0x10c /usr/lib/gcc/arm-none-eabi/13.2.1/../../../arm-none-eabi/lib/thumb/v7-m/nofp/libg_nano.a(libc_a-errno.o)
 .debug_line    0x00006b55       0xe7 /usr/lib/gcc/arm-none-eabi/13.2.1/../../../arm-none-eabi/lib/thumb/v7-m/nofp/libg_nano.a(libc_a-impure.o)

.debug_str      0x00000000     0xa447
 .debug_str     0x00000000     0xa447 main.o
                               0x5d23 (size before relaxing)
 .debug_str     0x0000a447     0x4e10 uart.o
 .debug_str     0x0000a447     0x4cd3 i2c_driver.o
 .debug_str     0x0000a447     0x4caa spi_driver.o
 .debug_str     0x0000a447     0x50d9 hmc5883l.o
 .debug_str     0x0000a447     0x51f7 mpu6050.o
 .debug_str     0x0000a447     0x870a ssd1306.o
 .debug_str     0x0000a447     0x73db madgwick.o
 .debug_str     0x0000a447       0xa5 startup.o
 .debug_str     0x0000a447      0x1a5 /usr/lib/gcc/arm-none-eabi/13.2.1/../../../arm-none-eabi/lib/thumb/v7-m/nofp/libc_nano.a(libc_a-memset.o)
 .debug_str     0x0000a447      0x206 /usr/lib/gcc/arm-none-eabi/13.2.1/../../../arm-none-eabi/lib/thumb/v7-m/nofp/libm.a(libm_a-sf_cos.o)
 .debug_str     0x0000a447      0x1d3 /usr/lib/gcc/arm-none-eabi/13.2.1/../../../arm-none-eabi/lib/thumb/v7-m/nofp/libm.a(libm_a-wf_sqrt.o)
 .debug_str     0x0000a447      0x1a3 /usr/lib/gcc/arm-none-eabi/13.2.1/../../../arm-none-eabi/lib/thumb/v7-m/nofp/libm.a(libm_a-wf_atan2.o)
 .debug_str     0x0000a447      0x20b /usr/lib/gcc/arm-none-eabi/13.2.1/../../../arm-none-eabi/lib/thumb/v7-m/nofp/libm.a(libm_a-kf_cos.o)
 .debug_str     0x0000a447      0x206 /usr/lib/gcc/arm-none-eabi/13.2.1/../../../arm-none-eabi/lib/thumb/v7-m/nofp/libm.a(libm_a-sf_sin.o)
 .debug_str     0x0000a447      0x1d1 /usr/lib/gcc/arm-none-eabi/13.2.1/../../../arm-none-eabi/lib/thumb/v7-m/nofp/libm.a(libm_a-wf_asin.o)
 .debug_str     0x0000a447      0x250 /usr/lib/gcc/arm-none-eabi/13.2.1/../../../arm-none-eabi/lib/thumb/v7-m/nofp/libm.a(libm_a-ef_asin.o)
 .debug_str     0x0000a447      0x22d /usr/lib/gcc/arm-none-eabi/13.2.1/../../../arm-none-eabi/lib/thumb/v7-m/nofp/libm.a(libm_a-ef_atan2.o)
 .debug_str     0x0000a447      0x227 /usr/lib/gcc/arm-none-eabi/13.2.1/../../../arm-none-eabi/lib/thumb/v7-m/nofp/libm.a(libm_a-sf_atan.o)
 .debug_str     0x0000a447      0x20b /usr/lib/gcc/arm-none-eabi/13.2.1/../../../arm-none-eabi/lib/thumb/v7-m/nofp/libm.a(libm_a-kf_sin.o)
 .debug_str     0x0000a447      0x2a8 /usr/lib/gcc/arm-none-eabi/13.2.1/../../../arm-none-eabi/lib/thumb/v7-m/nofp/libm.a(libm_a-ef_rem_pio2.o)
 .debug_str     0x0000a447      0x1c6 /usr/lib/gcc/arm-none-eabi/13.2.1/../../../arm-none-eabi/lib/thumb/v7-m/nofp/libm.a(libm_a-sf_fabs.o)
 .debug_str     0x0000a447      0x250 /usr/lib/gcc/arm-none-eabi/13.2.1/../../../arm-none-eabi/lib/thumb/v7-m/nofp/libm.a(libm_a-kf_rem_pio2.o)
 .debug_str     0x0000a447      0x238 /usr/lib/gcc/arm-none-eabi/13.2.1/../../../arm-none-eabi/lib/thumb/v7-m/nofp/libm.a(libm_a-ef_sqrt.o)
 .debug_str     0x0000a447      0x21e /usr/lib/gcc/arm-none-eabi/13.2.1/../../../arm-none-eabi/lib/thumb/v7-m/nofp/libm.a(libm_a-sf_scalbn.o)
 .debug_str     0x0000a447      0x1a4 /usr/lib/gcc/arm-none-eabi/13.2.1/../../../arm-none-eabi/lib/thumb/v7-m/nofp/libm.a(libm_a-sf_nan.o)
 .debug_str     0x0000a447      0x1fa /usr/lib/gcc/arm-none-eabi/13.2.1/../../../arm-none-eabi/lib/thumb/v7-m/nofp/libm.a(libm_a-sf_floor.o)
 .debug_str     0x0000a447      0x144 /usr/lib/gcc/arm-none-eabi/13.2.1/thumb/v7-m/nofp/libgcc.a(_arm_addsubsf3.o)
 .debug_str     0x0000a447       0xd0 /usr/lib/gcc/arm-none-eabi/13.2.1/thumb/v7-m/nofp/libgcc.a(_arm_muldivsf3.o)
 .debug_str     0x0000a447      0x159 /usr/lib/gcc/arm-none-eabi/13.2.1/thumb/v7-m/nofp/libgcc.a(_arm_cmpsf2.o)
 .debug_str     0x0000a447       0xbe /usr/lib/gcc/arm-none-eabi/13.2.1/thumb/v7-m/nofp/libgcc.a(_arm_unordsf2.o)
 .debug_str     0x0000a447       0xbb /usr/lib/gcc/arm-none-eabi/13.2.1/thumb/v7-m/nofp/libgcc.a(_arm_fixsfsi.o)
 .debug_str     0x0000a447       0xbf /usr/lib/gcc/arm-none-eabi/13.2.1/thumb/v7-m/nofp/libgcc.a(_arm_fixunssfsi.o)
 .debug_str     0x0000a447      0x4ae /usr/lib/gcc/arm-none-eabi/13.2.1/../../../arm-none-eabi/lib/thumb/v7-m/nofp/libg_nano.a(libc_a-errno.o)
 .debug_str     0x0000a447      0x4b4 /usr/lib/gcc/arm-none-eabi/13.2.1/../../../arm-none-eabi/lib/thumb/v7-m/nofp/libg_nano.a(libc_a-impure.o)

.comment        0x00000000       0x26
 .comment       0x00000000       0x26 main.o
                                 0x27 (size before relaxing)
 .comment       0x00000026       0x27 uart.o
 .comment       0x00000026       0x27 i2c_driver.o
 .comment       0x00000026       0x27 spi_driver.o
 .comment       0x00000026       0x27 hmc5883l.o
 .comment       0x00000026       0x27 mpu6050.o
 .comment       0x00000026       0x27 ssd1306.o
 .comment       0x00000026       0x27 madgwick.o
 .comment       0x00000026       0x27 /usr/lib/gcc/arm-none-eabi/13.2.1/../../../arm-none-eabi/lib/thumb/v7-m/nofp/libc_nano.a(libc_a-memset.o)
 .comment       0x00000026       0x27 /usr/lib/gcc/arm-none-eabi/13.2.1/../../../arm-none-eabi/lib/thumb/v7-m/nofp/libm.a(libm_a-sf_cos.o)
 .comment       0x00000026       0x27 /usr/lib/gcc/arm-none-eabi/13.2.1/../../../arm-none-eabi/lib/thumb/v7-m/nofp/libm.a(libm_a-wf_sqrt.o)
 .comment       0x00000026       0x27 /usr/lib/gcc/arm-none-eabi/13.2.1/../../../arm-none-eabi/lib/thumb/v7-m/nofp/libm.a(libm_a-wf_atan2.o)
 .comment       0x00000026       0x27 /usr/lib/gcc/arm-none-eabi/13.2.1/../../../arm-none-eabi/lib/thumb/v7-m/nofp/libm.a(libm_a-kf_cos.o)
 .comment       0x00000026       0x27 /usr/lib/gcc/arm-none-eabi/13.2.1/../../../arm-none-eabi/lib/thumb/v7-m/nofp/libm.a(libm_a-sf_sin.o)
 .comment       0x00000026       0x27 /usr/lib/gcc/arm-none-eabi/13.2.1/../../../arm-none-eabi/lib/thumb/v7-m/nofp/libm.a(libm_a-wf_asin.o)
 .comment       0x00000026       0x27 /usr/lib/gcc/arm-none-eabi/13.2.1/../../../arm-none-eabi/lib/thumb/v7-m/nofp/libm.a(libm_a-ef_asin.o)
 .comment       0x00000026       0x27 /usr/lib/gcc/arm-none-eabi/13.2.1/../../../arm-none-eabi/lib/thumb/v7-m/nofp/libm.a(libm_a-ef_atan2.o)
 .comment       0x00000026       0x27 /usr/lib/gcc/arm-none-eabi/13.2.1/../../../arm-none-eabi/lib/thumb/v7-m/nofp/libm.a(libm_a-sf_atan.o)
 .comment       0x00000026       0x27 /usr/lib/gcc/arm-none-eabi/13.2.1/../../../arm-none-eabi/lib/thumb/v7-m/nofp/libm.a(libm_a-kf_sin.o)
 .comment       0x00000026       0x27 /usr/lib/gcc/arm-none-eabi/13.2.1/../../../arm-none-eabi/lib/thumb/v7-m/nofp/libm.a(libm_a-ef_rem_pio2.o)
 .comment       0x00000026       0x27 /usr/lib/gcc/arm-none-eabi/13.2.1/../../../arm-none-eabi/lib/thumb/v7-m/nofp/libm.a(libm_a-sf_fabs.o)
 .comment       0x00000026       0x27 /usr/lib/gcc/arm-none-eabi/13.2.1/../../../arm-none-eabi/lib/thumb/v7-m/nofp/libm.a(libm_a-kf_rem_pio2.o)
 .comment       0x00000026       0x27 /usr/lib/gcc/arm-none-eabi/13.2.1/../../../arm-none-eabi/lib/thumb/v7-m/nofp/libm.a(libm_a-ef_sqrt.o)
 .comment       0x00000026       0x27 /usr/lib/gcc/arm-none-eabi/13.2.1/../../../arm-none-eabi/lib/thumb/v7-m/nofp/libm.a(libm_a-sf_scalbn.o)
 .comment       0x00000026       0x27 /usr/lib/gcc/arm-none-eabi/13.2.1/../../../arm-none-eabi/lib/thumb/v7-m/nofp/libm.a(libm_a-sf_nan.o)
 .comment       0x00000026       0x27 /usr/lib/gcc/arm-none-eabi/13.2.1/../../../arm-none-eabi/lib/thumb/v7-m/nofp/libm.a(libm_a-sf_floor.o)
 .comment       0x00000026       0x27 /usr/lib/gcc/arm-none-eabi/13.2.1/../../../arm-none-eabi/lib/thumb/v7-m/nofp/libg_nano.a(libc_a-errno.o)
 .comment       0x00000026       0x27 /usr/lib/gcc/arm-none-eabi/13.2.1/../../../arm-none-eabi/lib/thumb/v7-m/nofp/libg_nano.a(libc_a-impure.o)

.ARM.attributes
                0x00000000       0x2b
 .ARM.attributes
                0x00000000       0x2d main.o
 .ARM.attributes
                0x0000002d       0x2d uart.o
 .ARM.attributes
                0x0000005a       0x2d i2c_driver.o
 .ARM.attributes
                0x00000087       0x2d spi_driver.o
 .ARM.attributes
                0x000000b4       0x2d hmc5883l.o
 .ARM.attributes
                0x000000e1       0x2d mpu6050.o
 .ARM.attributes
                0x0000010e       0x2d ssd1306.o
 .ARM.attributes
                0x0000013b       0x2d madgwick.o
 .ARM.attributes
                0x00000168       0x21 startup.o
 .ARM.attributes
                0x00000189       0x2d /usr/lib/gcc/arm-none-eabi/13.2.1/../../../arm-none-eabi/lib/thumb/v7-m/nofp/libc_nano.a(libc_a-memset.o)
 .ARM.attributes
                0x000001b6       0x2d /usr/lib/gcc/arm-none-eabi/13.2.1/../../../arm-none-eabi/lib/thumb/v7-m/nofp/libm.a(libm_a-sf_cos.o)
 .ARM.attributes
                0x000001e3       0x2d /usr/lib/gcc/arm-none-eabi/13.2.1/../../../arm-none-eabi/lib/thumb/v7-m/nofp/libm.a(libm_a-wf_sqrt.o)
 .ARM.attributes
                0x00000210       0x2d /usr/lib/gcc/arm-none-eabi/13.2.1/../../../arm-none-eabi/lib/thumb/v7-m/nofp/libm.a(libm_a-wf_atan2.o)
 .ARM.attributes
                0x0000023d       0x2d /usr/lib/gcc/arm-none-eabi/13.2.1/../../../arm-none-eabi/lib/thumb/v7-m/nofp/libm.a(libm_a-kf_cos.o)
 .ARM.attributes
                0x0000026a       0x2d /usr/lib/gcc/arm-none-eabi/13.2.1/../../../arm-none-eabi/lib/thumb/v7-m/nofp/libm.a(libm_a-sf_sin.o)
 .ARM.attributes
                0x00000297       0x2d /usr/lib/gcc/arm-none-eabi/13.2.1/../../../arm-none-eabi/lib/thumb/v7-m/nofp/libm.a(libm_a-wf_asin.o)
 .ARM.attributes
                0x000002c4       0x2d /usr/lib/gcc/arm-none-eabi/13.2.1/../../../arm-none-eabi/lib/thumb/v7-m/nofp/libm.a(libm_a-ef_asin.o)
 .ARM.attributes
                0x000002f1       0x2d /usr/lib/gcc/arm-none-eabi/13.2.1/../../../arm-none-eabi/lib/thumb/v7-m/nofp/libm.a(libm_a-ef_atan2.o)
 .ARM.attributes
                0x0000031e       0x2d /usr/lib/gcc/arm-none-eabi/13.2.1/../../../arm-none-eabi/lib/thumb/v7-m/nofp/libm.a(libm_a-sf_atan.o)
 .ARM.attributes
                0x0000034b       0x2d /usr/lib/gcc/arm-none-eabi/13.2.1/../../../arm-none-eabi/lib/thumb/v7-m/nofp/libm.a(libm_a-kf_sin.o)
 .ARM.attributes
                0x00000378       0x2d /usr/lib/gcc/arm-none-eabi/13.2.1/../../../arm-none-eabi/lib/thumb/v7-m/nofp/libm.a(libm_a-ef_rem_pio2.o)
 .ARM.attributes
                0x000003a5       0x2d /usr/lib/gcc/arm-none-eabi/13.2.1/../../../arm-none-eabi/lib/thumb/v7-m/nofp/libm.a(libm_a-sf_fabs.o)
 .ARM.attributes
                0x000003d2       0x2d /usr/lib/gcc/arm-none-eabi/13.2.1/../../../arm-none-eabi/lib/thumb/v7-m/nofp/libm.a(libm_a-kf_rem_pio2.o)
 .ARM.attributes
                0x000003ff       0x2d /usr/lib/gcc/arm-none-eabi/13.2.1/../../../arm-none-eabi/lib/thumb/v7-m/nofp/libm.a(libm_a-ef_sqrt.o)
 .ARM.attributes
                0x0000042c       0x2d /usr/lib/gcc/arm-none-eabi/13.2.1/../../../arm-none-eabi/lib/thumb/v7-m/nofp/libm.a(libm_a-sf_scalbn.o)
 .ARM.attributes
                0x00000459       0x2d /usr/lib/gcc/arm-none-eabi/13.2.1/../../../arm-none-eabi/lib/thumb/v7-m/nofp/libm.a(libm_a-sf_nan.o)
 .ARM.attributes
                0x00000486       0x2d /usr/lib/gcc/arm-none-eabi/13.2.1/../../../arm-none-eabi/lib/thumb/v7-m/nofp/libm.a(libm_a-sf_floor.o)
 .ARM.attributes
                0x000004b3       0x1d /usr/lib/gcc/arm-none-eabi/13.2.1/thumb/v7-m/nofp/libgcc.a(_arm_addsubsf3.o)
 .ARM.attributes
                0x000004d0       0x1d /usr/lib/gcc/arm-none-eabi/13.2.1/thumb/v7-m/nofp/libgcc.a(_arm_muldivsf3.o)
 .ARM.attributes
                0x000004ed       0x1d /usr/lib/gcc/arm-none-eabi/13.2.1/thumb/v7-m/nofp/libgcc.a(_arm_cmpsf2.o)
 .ARM.attributes
                0x0000050a       0x1d /usr/lib/gcc/arm-none-eabi/13.2.1/thumb/v7-m/nofp/libgcc.a(_arm_unordsf2.o)
 .ARM.attributes
                0x00000527       0x1d /usr/lib/gcc/arm-none-eabi/13.2.1/thumb/v7-m/nofp/libgcc.a(_arm_fixsfsi.o)
 .ARM.attributes
                0x00000544       0x1d /usr/lib/gcc/arm-none-eabi/13.2.1/thumb/v7-m/nofp/libgcc.a(_arm_fixunssfsi.o)
 .ARM.attributes
                0x00000561       0x2d /usr/lib/gcc/arm-none-eabi/13.2.1/../../../arm-none-eabi/lib/thumb/v7-m/nofp/libg_nano.a(libc_a-errno.o)
 .ARM.attributes
                0x0000058e       0x2d /usr/lib/gcc/arm-none-eabi/13.2.1/../../../arm-none-eabi/lib/thumb/v7-m/nofp/libg_nano.a(libc_a-impure.o)

.debug_frame    0x00000000      0xd84
 .debug_frame   0x00000000      0x140 main.o
 .debug_frame   0x00000140       0x90 uart.o
 .debug_frame   0x000001d0       0xfc i2c_driver.o
 .debug_frame   0x000002cc       0xbc spi_driver.o
 .debug_frame   0x00000388       0xcc hmc5883l.o
 .debug_frame   0x00000454       0xe8 mpu6050.o
 .debug_frame   0x0000053c      0x1e4 ssd1306.o
 .debug_frame   0x00000720      0x114 madgwick.o
 .debug_frame   0x00000834       0x2c /usr/lib/gcc/arm-none-eabi/13.2.1/../../../arm-none-eabi/lib/thumb/v7-m/nofp/libc_nano.a(libc_a-memset.o)
 .debug_frame   0x00000860       0x38 /usr/lib/gcc/arm-none-eabi/13.2.1/../../../arm-none-eabi/lib/thumb/v7-m/nofp/libm.a(libm_a-sf_cos.o)
 .debug_frame   0x00000898       0x2c /usr/lib/gcc/arm-none-eabi/13.2.1/../../../arm-none-eabi/lib/thumb/v7-m/nofp/libm.a(libm_a-wf_sqrt.o)
 .debug_frame   0x000008c4       0x20 /usr/lib/gcc/arm-none-eabi/13.2.1/../../../arm-none-eabi/lib/thumb/v7-m/nofp/libm.a(libm_a-wf_atan2.o)
 .debug_frame   0x000008e4       0x34 /usr/lib/gcc/arm-none-eabi/13.2.1/../../../arm-none-eabi/lib/thumb/v7-m/nofp/libm.a(libm_a-kf_cos.o)
 .debug_frame   0x00000918       0x38 /usr/lib/gcc/arm-none-eabi/13.2.1/../../../arm-none-eabi/lib/thumb/v7-m/nofp/libm.a(libm_a-sf_sin.o)
 .debug_frame   0x00000950       0x34 /usr/lib/gcc/arm-none-eabi/13.2.1/../../../arm-none-eabi/lib/thumb/v7-m/nofp/libm.a(libm_a-wf_asin.o)
 .debug_frame   0x00000984       0x34 /usr/lib/gcc/arm-none-eabi/13.2.1/../../../arm-none-eabi/lib/thumb/v7-m/nofp/libm.a(libm_a-ef_asin.o)
 .debug_frame   0x000009b8       0x38 /usr/lib/gcc/arm-none-eabi/13.2.1/../../../arm-none-eabi/lib/thumb/v7-m/nofp/libm.a(libm_a-ef_atan2.o)
 .debug_frame   0x000009f0       0x30 /usr/lib/gcc/arm-none-eabi/13.2.1/../../../arm-none-eabi/lib/thumb/v7-m/nofp/libm.a(libm_a-sf_atan.o)
 .debug_frame   0x00000a20       0x34 /usr/lib/gcc/arm-none-eabi/13.2.1/../../../arm-none-eabi/lib/thumb/v7-m/nofp/libm.a(libm_a-kf_sin.o)
 .debug_frame   0x00000a54       0x40 /usr/lib/gcc/arm-none-eabi/13.2.1/../../../arm-none-eabi/lib/thumb/v7-m/nofp/libm.a(libm_a-ef_rem_pio2.o)
 .debug_frame   0x00000a94       0x20 /usr/lib/gcc/arm-none-eabi/13.2.1/../../../arm-none-eabi/lib/thumb/v7-m/nofp/libm.a(libm_a-sf_fabs.o)
 .debug_frame   0x00000ab4       0x50 /usr/lib/gcc/arm-none-eabi/13.2.1/../../../arm-none-eabi/lib/thumb/v7-m/nofp/libm.a(libm_a-kf_rem_pio2.o)
 .debug_frame   0x00000b04       0x30 /usr/lib/gcc/arm-none-eabi/13.2.1/../../../arm-none-eabi/lib/thumb/v7-m/nofp/libm.a(libm_a-ef_sqrt.o)
 .debug_frame   0x00000b34       0x28 /usr/lib/gcc/arm-none-eabi/13.2.1/../../../arm-none-eabi/lib/thumb/v7-m/nofp/libm.a(libm_a-sf_scalbn.o)
 .debug_frame   0x00000b5c       0x20 /usr/lib/gcc/arm-none-eabi/13.2.1/../../../arm-none-eabi/lib/thumb/v7-m/nofp/libm.a(libm_a-sf_nan.o)
 .debug_frame   0x00000b7c       0x30 /usr/lib/gcc/arm-none-eabi/13.2.1/../../../arm-none-eabi/lib/thumb/v7-m/nofp/libm.a(libm_a-sf_floor.o)
 .debug_frame   0x00000bac       0x4c /usr/lib/gcc/arm-none-eabi/13.2.1/thumb/v7-m/nofp/libgcc.a(_arm_addsubsf3.o)
 .debug_frame   0x00000bf8       0x38 /usr/lib/gcc/arm-none-eabi/13.2.1/thumb/v7-m/nofp/libgcc.a(_arm_muldivsf3.o)
 .debug_frame   0x00000c30       0xc8 /usr/lib/gcc/arm-none-eabi/13.2.1/thumb/v7-m/nofp/libgcc.a(_arm_cmpsf2.o)
 .debug_frame   0x00000cf8       0x24 /usr/lib/gcc/arm-none-eabi/13.2.1/thumb/v7-m/nofp/libgcc.a(_arm_unordsf2.o)
 .debug_frame   0x00000d1c       0x24 /usr/lib/gcc/arm-none-eabi/13.2.1/thumb/v7-m/nofp/libgcc.a(_arm_fixsfsi.o)
 .debug_frame   0x00000d40       0x24 /usr/lib/gcc/arm-none-eabi/13.2.1/thumb/v7-m/nofp/libgcc.a(_arm_fixunssfsi.o)
 .debug_frame   0x00000d64       0x20 /usr/lib/gcc/arm-none-eabi/13.2.1/../../../arm-none-eabi/lib/thumb/v7-m/nofp/libg_nano.a(libc_a-errno.o)

.debug_line_str
                0x00000000       0x98
 .debug_line_str
                0x00000000       0x98 /usr/lib/gcc/arm-none-eabi/13.2.1/thumb/v7-m/nofp/libgcc.a(_arm_addsubsf3.o)
 .debug_line_str
                0x00000098       0x98 /usr/lib/gcc/arm-none-eabi/13.2.1/thumb/v7-m/nofp/libgcc.a(_arm_muldivsf3.o)
 .debug_line_str
                0x00000098       0x98 /usr/lib/gcc/arm-none-eabi/13.2.1/thumb/v7-m/nofp/libgcc.a(_arm_cmpsf2.o)
 .debug_line_str
                0x00000098       0x98 /usr/lib/gcc/arm-none-eabi/13.2.1/thumb/v7-m/nofp/libgcc.a(_arm_unordsf2.o)
 .debug_line_str
                0x00000098       0x98 /usr/lib/gcc/arm-none-eabi/13.2.1/thumb/v7-m/nofp/libgcc.a(_arm_fixsfsi.o)
 .debug_line_str
                0x00000098       0x98 /usr/lib/gcc/arm-none-eabi/13.2.1/thumb/v7-m/nofp/libgcc.a(_arm_fixunssfsi.o)
